Component: Arm Compiler for Embedded 6.18 Tool: armlink [5e4cc100]

==============================================================================

Section Cross References

    startup_stm32f103xb.o(STACK) refers (Special) to heapauxi.o(.text) for __use_two_region_memory
    startup_stm32f103xb.o(HEAP) refers (Special) to heapauxi.o(.text) for __use_two_region_memory
    startup_stm32f103xb.o(RESET) refers (Special) to heapauxi.o(.text) for __use_two_region_memory
    startup_stm32f103xb.o(RESET) refers to startup_stm32f103xb.o(STACK) for __initial_sp
    startup_stm32f103xb.o(RESET) refers to startup_stm32f103xb.o(.text) for Reset_Handler
    startup_stm32f103xb.o(RESET) refers to stm32f1xx_it.o(.text.NMI_Handler) for NMI_Handler
    startup_stm32f103xb.o(RESET) refers to stm32f1xx_it.o(.text.HardFault_Handler) for HardFault_Handler
    startup_stm32f103xb.o(RESET) refers to stm32f1xx_it.o(.text.MemManage_Handler) for MemManage_Handler
    startup_stm32f103xb.o(RESET) refers to stm32f1xx_it.o(.text.BusFault_Handler) for BusFault_Handler
    startup_stm32f103xb.o(RESET) refers to stm32f1xx_it.o(.text.UsageFault_Handler) for UsageFault_Handler
    startup_stm32f103xb.o(RESET) refers to port.o(.text.SVC_Handler) for SVC_Handler
    startup_stm32f103xb.o(RESET) refers to stm32f1xx_it.o(.text.DebugMon_Handler) for DebugMon_Handler
    startup_stm32f103xb.o(RESET) refers to port.o(.text.PendSV_Handler) for PendSV_Handler
    startup_stm32f103xb.o(RESET) refers to port.o(.text.SysTick_Handler) for SysTick_Handler
    startup_stm32f103xb.o(RESET) refers to stm32f1xx_it.o(.text.DMA1_Channel3_IRQHandler) for DMA1_Channel3_IRQHandler
    startup_stm32f103xb.o(RESET) refers to stm32f1xx_it.o(.text.DMA1_Channel4_IRQHandler) for DMA1_Channel4_IRQHandler
    startup_stm32f103xb.o(RESET) refers to stm32f1xx_it.o(.text.DMA1_Channel5_IRQHandler) for DMA1_Channel5_IRQHandler
    startup_stm32f103xb.o(RESET) refers to stm32f1xx_it.o(.text.DMA1_Channel6_IRQHandler) for DMA1_Channel6_IRQHandler
    startup_stm32f103xb.o(RESET) refers to stm32f1xx_it.o(.text.DMA1_Channel7_IRQHandler) for DMA1_Channel7_IRQHandler
    startup_stm32f103xb.o(RESET) refers to stm32f1xx_it.o(.text.USB_HP_CAN1_TX_IRQHandler) for USB_HP_CAN1_TX_IRQHandler
    startup_stm32f103xb.o(RESET) refers to stm32f1xx_it.o(.text.USB_LP_CAN1_RX0_IRQHandler) for USB_LP_CAN1_RX0_IRQHandler
    startup_stm32f103xb.o(RESET) refers to stm32f1xx_it.o(.text.TIM1_UP_IRQHandler) for TIM1_UP_IRQHandler
    startup_stm32f103xb.o(RESET) refers to stm32f1xx_it.o(.text.TIM2_IRQHandler) for TIM2_IRQHandler
    startup_stm32f103xb.o(RESET) refers to stm32f1xx_it.o(.text.USART1_IRQHandler) for USART1_IRQHandler
    startup_stm32f103xb.o(RESET) refers to stm32f1xx_it.o(.text.USART2_IRQHandler) for USART2_IRQHandler
    startup_stm32f103xb.o(RESET) refers to stm32f1xx_it.o(.text.USART3_IRQHandler) for USART3_IRQHandler
    startup_stm32f103xb.o(.text) refers (Special) to heapauxi.o(.text) for __use_two_region_memory
    startup_stm32f103xb.o(.text) refers to system_stm32f1xx.o(.text.SystemInit) for SystemInit
    startup_stm32f103xb.o(.text) refers to __main.o(!!!main) for __main
    startup_stm32f103xb.o(.text) refers to startup_stm32f103xb.o(HEAP) for Heap_Mem
    startup_stm32f103xb.o(.text) refers to startup_stm32f103xb.o(STACK) for Stack_Mem
    main.o(.text.main) refers to stm32f1xx_hal.o(.text.HAL_Init) for HAL_Init
    main.o(.text.main) refers to main.o(.text.SystemClock_Config) for SystemClock_Config
    main.o(.text.main) refers to gpio.o(.text.MX_GPIO_Init) for MX_GPIO_Init
    main.o(.text.main) refers to dma.o(.text.MX_DMA_Init) for MX_DMA_Init
    main.o(.text.main) refers to can.o(.text.MX_CAN_Init) for MX_CAN_Init
    main.o(.text.main) refers to tim.o(.text.MX_TIM2_Init) for MX_TIM2_Init
    main.o(.text.main) refers to usart.o(.text.MX_USART2_UART_Init) for MX_USART2_UART_Init
    main.o(.text.main) refers to usart.o(.text.MX_USART3_UART_Init) for MX_USART3_UART_Init
    main.o(.text.main) refers to usart.o(.text.MX_USART1_UART_Init) for MX_USART1_UART_Init
    main.o(.text.main) refers to freertos.o(.text.MX_FREERTOS_Init) for MX_FREERTOS_Init
    main.o(.text.main) refers to cmsis_os.o(.text.osKernelStart) for osKernelStart
    main.o(.ARM.exidx.text.main) refers to main.o(.text.main) for [Anonymous Symbol]
    main.o(.text.SystemClock_Config) refers to rt_memclr_w.o(.text) for __aeabi_memclr4
    main.o(.text.SystemClock_Config) refers to stm32f1xx_hal_rcc.o(.text.HAL_RCC_OscConfig) for HAL_RCC_OscConfig
    main.o(.text.SystemClock_Config) refers to main.o(.text.Error_Handler) for Error_Handler
    main.o(.text.SystemClock_Config) refers to stm32f1xx_hal_rcc.o(.text.HAL_RCC_ClockConfig) for HAL_RCC_ClockConfig
    main.o(.ARM.exidx.text.SystemClock_Config) refers to main.o(.text.SystemClock_Config) for [Anonymous Symbol]
    main.o(.ARM.exidx.text.Error_Handler) refers to main.o(.text.Error_Handler) for [Anonymous Symbol]
[...]
    __rt_memclr_w                            0x08000343   Thumb Code     0  rt_memclr_w.o(.text)
    _memset_w                                0x08000347   Thumb Code    74  rt_memclr_w.o(.text)
    __use_two_region_memory                  0x08000391   Thumb Code     2  heapauxi.o(.text)
    __rt_heap_escrow$2region                 0x08000393   Thumb Code     2  heapauxi.o(.text)
    __rt_heap_expand$2region                 0x08000395   Thumb Code     2  heapauxi.o(.text)
    __read_errno                             0x08000397   Thumb Code    10  _rserrno.o(.text)
    __set_errno                              0x080003a1   Thumb Code    12  _rserrno.o(.text)
    __aeabi_memcpy4                          0x080003ad   Thumb Code     0  rt_memcpy_w.o(.text)
    __aeabi_memcpy8                          0x080003ad   Thumb Code     0  rt_memcpy_w.o(.text)
    __rt_memcpy_w                            0x080003ad   Thumb Code   100  rt_memcpy_w.o(.text)
    _memcpy_lastbytes_aligned                0x080003f5   Thumb Code     0  rt_memcpy_w.o(.text)
    __aeabi_errno_addr                       0x08000411   Thumb Code     8  rt_errno_addr_intlibspace.o(.text)
    __errno$intlibspace                      0x08000411   Thumb Code     0  rt_errno_addr_intlibspace.o(.text)
    __rt_errno_addr$intlibspace              0x08000411   Thumb Code     0  rt_errno_addr_intlibspace.o(.text)
    __user_libspace                          0x08000419   Thumb Code     8  libspace.o(.text)
    __user_perproc_libspace                  0x08000419   Thumb Code     0  libspace.o(.text)
    __user_perthread_libspace                0x08000419   Thumb Code     0  libspace.o(.text)
    __user_setup_stackheap                   0x08000421   Thumb Code    74  sys_stackheap_outer.o(.text)
    exit                                     0x0800046b   Thumb Code    18  exit.o(.text)
    _sys_exit                                0x0800047d   Thumb Code     8  sys_exit.o(.text)
    __I$use$semihosting                      0x08000489   Thumb Code     0  use_no_semi.o(.text)
    __use_no_semihosting_swi                 0x08000489   Thumb Code     2  use_no_semi.o(.text)
    __semihosting_library_function           0x0800048b   Thumb Code     0  indicate_semi.o(.text)
    All_Init                                 0x0800048d   Thumb Code   350  all_init.o(.text.All_Init)
    BusFault_Handler                         0x080005ed   Thumb Code     4  stm32f1xx_it.o(.text.BusFault_Handler)
    CAN_Filter_Init                          0x080005f1   Thumb Code    66  can_bsp.o(.text.CAN_Filter_Init)
    DBUS_OFFLINE_Check                       0x08000635   Thumb Code    34  rui_dbus.o(.text.DBUS_OFFLINE_Check)
    DMA1_Channel3_IRQHandler                 0x08000659   Thumb Code    16  stm32f1xx_it.o(.text.DMA1_Channel3_IRQHandler)
    DMA1_Channel4_IRQHandler                 0x08000669   Thumb Code    16  stm32f1xx_it.o(.text.DMA1_Channel4_IRQHandler)
    DMA1_Channel5_IRQHandler                 0x08000679   Thumb Code    16  stm32f1xx_it.o(.text.DMA1_Channel5_IRQHandler)
    DMA1_Channel6_IRQHandler                 0x08000689   Thumb Code    16  stm32f1xx_it.o(.text.DMA1_Channel6_IRQHandler)
    DMA1_Channel7_IRQHandler                 0x08000699   Thumb Code    16  stm32f1xx_it.o(.text.DMA1_Channel7_IRQHandler)
    DWT_GetDeltaT                            0x08000739   Thumb Code    72  bsp_dwt.o(.text.DWT_GetDeltaT)
    DWT_GetTimeline_ms                       0x08000781   Thumb Code    72  bsp_dwt.o(.text.DWT_GetTimeline_ms)
    DWT_Init                                 0x080007c9   Thumb Code   136  bsp_dwt.o(.text.DWT_Init)
    DWT_SysTimeUpdate                        0x08000851   Thumb Code   252  bsp_dwt.o(.text.DWT_SysTimeUpdate)
    DebugMon_Handler                         0x0800094d   Thumb Code     2  stm32f1xx_it.o(.text.DebugMon_Handler)
    Error_Handler                            0x08000951   Thumb Code    14  main.o(.text.Error_Handler)
    HAL_CAN_ActivateNotification             0x08000961   Thumb Code    82  stm32f1xx_hal_can.o(.text.HAL_CAN_ActivateNotification)
    HAL_CAN_AddTxMessage                     0x080009b5   Thumb Code   342  stm32f1xx_hal_can.o(.text.HAL_CAN_AddTxMessage)
    HAL_CAN_ConfigFilter                     0x08000b0d   Thumb Code   378  stm32f1xx_hal_can.o(.text.HAL_CAN_ConfigFilter)
    HAL_CAN_ErrorCallback                    0x08000c89   Thumb Code     8  stm32f1xx_hal_can.o(.text.HAL_CAN_ErrorCallback)
    HAL_CAN_GetRxMessage                     0x08000c91   Thumb Code   530  stm32f1xx_hal_can.o(.text.HAL_CAN_GetRxMessage)
    HAL_CAN_IRQHandler                       0x08000ea5   Thumb Code  1010  stm32f1xx_hal_can.o(.text.HAL_CAN_IRQHandler)
    HAL_CAN_Init                             0x08001299   Thumb Code   478  stm32f1xx_hal_can.o(.text.HAL_CAN_Init)
    HAL_CAN_MspInit                          0x08001479   Thumb Code   194  can.o(.text.HAL_CAN_MspInit)
    HAL_CAN_RxFifo0FullCallback              0x0800153d   Thumb Code     8  stm32f1xx_hal_can.o(.text.HAL_CAN_RxFifo0FullCallback)
    HAL_CAN_RxFifo0MsgPendingCallback        0x08001545   Thumb Code   186  irqn.o(.text.HAL_CAN_RxFifo0MsgPendingCallback)
    HAL_CAN_RxFifo1FullCallback              0x08001601   Thumb Code     8  stm32f1xx_hal_can.o(.text.HAL_CAN_RxFifo1FullCallback)
    HAL_CAN_RxFifo1MsgPendingCallback        0x08001609   Thumb Code     8  stm32f1xx_hal_can.o(.text.HAL_CAN_RxFifo1MsgPendingCallback)
    HAL_CAN_SleepCallback                    0x08001611   Thumb Code     8  stm32f1xx_hal_can.o(.text.HAL_CAN_SleepCallback)
    HAL_CAN_Start                            0x08001619   Thumb Code   138  stm32f1xx_hal_can.o(.text.HAL_CAN_Start)
    HAL_CAN_TxMailbox0AbortCallback          0x080016a5   Thumb Code     8  stm32f1xx_hal_can.o(.text.HAL_CAN_TxMailbox0AbortCallback)
    HAL_CAN_TxMailbox0CompleteCallback       0x080016ad   Thumb Code     8  stm32f1xx_hal_can.o(.text.HAL_CAN_TxMailbox0CompleteCallback)
    HAL_CAN_TxMailbox1AbortCallback          0x080016b5   Thumb Code     8  stm32f1xx_hal_can.o(.text.HAL_CAN_TxMailbox1AbortCallback)
    HAL_CAN_TxMailbox1CompleteCallback       0x080016bd   Thumb Code     8  stm32f1xx_hal_can.o(.text.HAL_CAN_TxMailbox1CompleteCallback)
    HAL_CAN_TxMailbox2AbortCallback          0x080016c5   Thumb Code     8  stm32f1xx_hal_can.o(.text.HAL_CAN_TxMailbox2AbortCallback)
    HAL_CAN_TxMailbox2CompleteCallback       0x080016cd   Thumb Code     8  stm32f1xx_hal_can.o(.text.HAL_CAN_TxMailbox2CompleteCallback)
    HAL_CAN_WakeUpFromRxMsgCallback          0x080016d5   Thumb Code     8  stm32f1xx_hal_can.o(.text.HAL_CAN_WakeUpFromRxMsgCallback)
    HAL_DMA_Abort                            0x080016dd   Thumb Code   124  stm32f1xx_hal_dma.o(.text.HAL_DMA_Abort)
    HAL_DMA_Abort_IT                         0x08001759   Thumb Code   284  stm32f1xx_hal_dma.o(.text.HAL_DMA_Abort_IT)
    HAL_DMA_IRQHandler                       0x08001875   Thumb Code   646  stm32f1xx_hal_dma.o(.text.HAL_DMA_IRQHandler)
    HAL_DMA_Init                             0x08001afd   Thumb Code   174  stm32f1xx_hal_dma.o(.text.HAL_DMA_Init)
    HAL_DMA_Start_IT                         0x08001bad   Thumb Code   202  stm32f1xx_hal_dma.o(.text.HAL_DMA_Start_IT)
    HAL_GPIO_Init                            0x08001c79   Thumb Code   798  stm32f1xx_hal_gpio.o(.text.HAL_GPIO_Init)
    HAL_GPIO_TogglePin                       0x08001f99   Thumb Code    38  stm32f1xx_hal_gpio.o(.text.HAL_GPIO_TogglePin)
    HAL_GPIO_WritePin                        0x08001fc1   Thumb Code    46  stm32f1xx_hal_gpio.o(.text.HAL_GPIO_WritePin)
    HAL_GetTick                              0x08001ff1   Thumb Code    12  stm32f1xx_hal.o(.text.HAL_GetTick)
    HAL_IncTick                              0x08001ffd   Thumb Code    26  stm32f1xx_hal.o(.text.HAL_IncTick)
    HAL_Init                                 0x08002019   Thumb Code    38  stm32f1xx_hal.o(.text.HAL_Init)
    HAL_InitTick                             0x08002041   Thumb Code   218  stm32f1xx_hal_timebase_tim.o(.text.HAL_InitTick)
    HAL_MspInit                              0x0800211d   Thumb Code   114  stm32f1xx_hal_msp.o(.text.HAL_MspInit)
    HAL_NVIC_EnableIRQ                       0x08002191   Thumb Code    20  stm32f1xx_hal_cortex.o(.text.HAL_NVIC_EnableIRQ)
    HAL_NVIC_SetPriority                     0x080021a5   Thumb Code    50  stm32f1xx_hal_cortex.o(.text.HAL_NVIC_SetPriority)
    HAL_NVIC_SetPriorityGrouping             0x080021d9   Thumb Code    16  stm32f1xx_hal_cortex.o(.text.HAL_NVIC_SetPriorityGrouping)
    HAL_RCC_ClockConfig                      0x080021e9   Thumb Code   598  stm32f1xx_hal_rcc.o(.text.HAL_RCC_ClockConfig)
    HAL_RCC_GetClockConfig                   0x08002441   Thumb Code    84  stm32f1xx_hal_rcc.o(.text.HAL_RCC_GetClockConfig)
    HAL_RCC_GetHCLKFreq                      0x08002495   Thumb Code    12  stm32f1xx_hal_rcc.o(.text.HAL_RCC_GetHCLKFreq)
    HAL_RCC_GetPCLK1Freq                     0x080024a1   Thumb Code    34  stm32f1xx_hal_rcc.o(.text.HAL_RCC_GetPCLK1Freq)
    HAL_RCC_GetPCLK2Freq                     0x080024c5   Thumb Code    34  stm32f1xx_hal_rcc.o(.text.HAL_RCC_GetPCLK2Freq)
    HAL_RCC_GetSysClockFreq                  0x080024e9   Thumb Code   188  stm32f1xx_hal_rcc.o(.text.HAL_RCC_GetSysClockFreq)
    HAL_RCC_OscConfig                        0x080025a5   Thumb Code  1658  stm32f1xx_hal_rcc.o(.text.HAL_RCC_OscConfig)
    HAL_TIMEx_BreakCallback                  0x08002c21   Thumb Code     8  stm32f1xx_hal_tim_ex.o(.text.HAL_TIMEx_BreakCallback)
    HAL_TIMEx_CommutCallback                 0x08002c29   Thumb Code     8  stm32f1xx_hal_tim_ex.o(.text.HAL_TIMEx_CommutCallback)
    HAL_TIMEx_MasterConfigSynchronization    0x08002c31   Thumb Code   220  stm32f1xx_hal_tim_ex.o(.text.HAL_TIMEx_MasterConfigSynchronization)
    HAL_TIM_Base_Init                        0x08002d0d   Thumb Code   156  stm32f1xx_hal_tim.o(.text.HAL_TIM_Base_Init)
    HAL_TIM_Base_MspInit                     0x08002da9   Thumb Code    72  tim.o(.text.HAL_TIM_Base_MspInit)
    HAL_TIM_Base_Start_IT                    0x08002df1   Thumb Code   176  stm32f1xx_hal_tim.o(.text.HAL_TIM_Base_Start_IT)
    HAL_TIM_ConfigClockSource                0x08002ea1   Thumb Code   388  stm32f1xx_hal_tim.o(.text.HAL_TIM_ConfigClockSource)
    HAL_TIM_IC_CaptureCallback               0x08003025   Thumb Code     8  stm32f1xx_hal_tim.o(.text.HAL_TIM_IC_CaptureCallback)
    HAL_TIM_IRQHandler                       0x0800302d   Thumb Code   538  stm32f1xx_hal_tim.o(.text.HAL_TIM_IRQHandler)
    HAL_TIM_OC_DelayElapsedCallback          0x08003249   Thumb Code     8  stm32f1xx_hal_tim.o(.text.HAL_TIM_OC_DelayElapsedCallback)
    HAL_TIM_PWM_PulseFinishedCallback        0x08003251   Thumb Code     8  stm32f1xx_hal_tim.o(.text.HAL_TIM_PWM_PulseFinishedCallback)
    HAL_TIM_PeriodElapsedCallback            0x08003259   Thumb Code    34  main.o(.text.HAL_TIM_PeriodElapsedCallback)
    HAL_TIM_TriggerCallback                  0x0800327d   Thumb Code     8  stm32f1xx_hal_tim.o(.text.HAL_TIM_TriggerCallback)
    HAL_UARTEx_RxEventCallback               0x08003285   Thumb Code    12  stm32f1xx_hal_uart.o(.text.HAL_UARTEx_RxEventCallback)
    HAL_UART_DMAStop                         0x08003291   Thumb Code   204  stm32f1xx_hal_uart.o(.text.HAL_UART_DMAStop)
    HAL_UART_ErrorCallback                   0x0800335d   Thumb Code     8  stm32f1xx_hal_uart.o(.text.HAL_UART_ErrorCallback)
    HAL_UART_IRQHandler                      0x08003365   Thumb Code  1066  stm32f1xx_hal_uart.o(.text.HAL_UART_IRQHandler)
    HAL_UART_Init                            0x08003791   Thumb Code   158  stm32f1xx_hal_uart.o(.text.HAL_UART_Init)
    HAL_UART_MspInit                         0x08003831   Thumb Code   854  usart.o(.text.HAL_UART_MspInit)
    HAL_UART_Receive_DMA                     0x08003b89   Thumb Code    86  stm32f1xx_hal_uart.o(.text.HAL_UART_Receive_DMA)
    HAL_UART_RxCpltCallback                  0x08003be1   Thumb Code    68  irqn.o(.text.HAL_UART_RxCpltCallback)
    HAL_UART_RxHalfCpltCallback              0x08003c25   Thumb Code     8  stm32f1xx_hal_uart.o(.text.HAL_UART_RxHalfCpltCallback)
    HAL_UART_Transmit_DMA                    0x08003c2d   Thumb Code   226  stm32f1xx_hal_uart.o(.text.HAL_UART_Transmit_DMA)
    HAL_UART_TxCpltCallback                  0x08003d11   Thumb Code     8  stm32f1xx_hal_uart.o(.text.HAL_UART_TxCpltCallback)
    HAL_UART_TxHalfCpltCallback              0x08003d19   Thumb Code     8  stm32f1xx_hal_uart.o(.text.HAL_UART_TxHalfCpltCallback)
    HardFault_Handler                        0x08003d21   Thumb Code     4  stm32f1xx_it.o(.text.HardFault_Handler)
    LKMF_iq_ctrl                             0x08003d25   Thumb Code    92  lk_motor.o(.text.LKMF_iq_ctrl)
    LK_MotorResolve                          0x08003d81   Thumb Code   280  lk_motor.o(.text.LK_MotorResolve)
    MOTOR_PID_Gimbal_INIT                    0x08003e99   Thumb Code   308  gimbal_task.o(.text.MOTOR_PID_Gimbal_INIT)
    MX_CAN_Init                              0x08003fcd   Thumb Code    78  can.o(.text.MX_CAN_Init)
    MX_DMA_Init                              0x0800401d   Thumb Code   132  dma.o(.text.MX_DMA_Init)
    MX_FREERTOS_Init                         0x080040a1   Thumb Code   218  freertos.o(.text.MX_FREERTOS_Init)
    MX_GPIO_Init                             0x0800417d   Thumb Code   182  gpio.o(.text.MX_GPIO_Init)
    MX_TIM2_Init                             0x08004235   Thumb Code   132  tim.o(.text.MX_TIM2_Init)
    MX_USART1_UART_Init                      0x080042b9   Thumb Code    64  usart.o(.text.MX_USART1_UART_Init)
    MX_USART2_UART_Init                      0x080042f9   Thumb Code    64  usart.o(.text.MX_USART2_UART_Init)
    MX_USART3_UART_Init                      0x08004339   Thumb Code    76  usart.o(.text.MX_USART3_UART_Init)
    MemManage_Handler                        0x08004385   Thumb Code     4  stm32f1xx_it.o(.text.MemManage_Handler)
    MotorIdentify_Chirp                      0x08004389   Thumb Code   164  motoridentify.o(.text.MotorIdentify_Chirp)
    MotorIdentify_Init                       0x0800442d   Thumb Code   122  motoridentify.o(.text.MotorIdentify_Init)
    MotorIdentify_SetChirp                   0x080044a9   Thumb Code    48  motoridentify.o(.text.MotorIdentify_SetChirp)
    MotorIdentify_Update                     0x080044d9   Thumb Code    64  motoridentify.o(.text.MotorIdentify_Update)
    MotorResolve                             0x08004519   Thumb Code    72  dji_motor.o(.text.MotorResolve)
    MotorRoundResolve                        0x08004561   Thumb Code    84  dji_motor.o(.text.MotorRoundResolve)
    NMI_Handler                              0x080045b5   Thumb Code     4  stm32f1xx_it.o(.text.NMI_Handler)
    PID_Calculate                            0x08004625   Thumb Code   410  controller.o(.text.PID_Calculate)
    PID_Init                                 0x080047c1   Thumb Code   148  controller.o(.text.PID_Init)
    PendSV_Handler                           0x08004861   Thumb Code    68  port.o(.text.PendSV_Handler)
    RUI_F_DUBS_Resovled                      0x080048e1   Thumb Code   122  rui_dbus.o(.text.RUI_F_DUBS_Resovled)
    RobotTask                                0x0800495d   Thumb Code   550  robot.o(.text.RobotTask)
    SVC_Handler                              0x08004b91   Thumb Code    36  port.o(.text.SVC_Handler)
    StartDefaultTask                         0x08004bd1   Thumb Code    36  all_task.o(.text.StartDefaultTask)
    StartGimbalTask                          0x08004bf5   Thumb Code    76  all_task.o(.text.StartGimbalTask)
    StartMonitorTask                         0x08004c41   Thumb Code    58  all_task.o(.text.StartMonitorTask)
    SysTick_Handler                          0x08004c7d   Thumb Code    60  port.o(.text.SysTick_Handler)
    SystemClock_Config                       0x08004cb9   Thumb Code   108  main.o(.text.SystemClock_Config)
    SystemInit                               0x08004d25   Thumb Code     2  system_stm32f1xx.o(.text.SystemInit)
    TIM1_UP_IRQHandler                       0x08004d29   Thumb Code    16  stm32f1xx_it.o(.text.TIM1_UP_IRQHandler)
    TIM2_IRQHandler                          0x08004d39   Thumb Code    16  stm32f1xx_it.o(.text.TIM2_IRQHandler)
    TIM_Base_SetConfig                       0x08004d49   Thumb Code   262  stm32f1xx_hal_tim.o(.text.TIM_Base_SetConfig)
    TIM_ETR_SetConfig                        0x08004e51   Thumb Code    52  stm32f1xx_hal_tim.o(.text.TIM_ETR_SetConfig)
    UART_Start_Receive_DMA                   0x080054c9   Thumb Code   268  stm32f1xx_hal_uart.o(.text.UART_Start_Receive_DMA)
    USART1_IRQHandler                        0x08005669   Thumb Code    28  stm32f1xx_it.o(.text.USART1_IRQHandler)
    USART2_IRQHandler                        0x08005685   Thumb Code    28  stm32f1xx_it.o(.text.USART2_IRQHandler)
    USART3_IRQHandler                        0x080056a1   Thumb Code    28  stm32f1xx_it.o(.text.USART3_IRQHandler)
    USB_HP_CAN1_TX_IRQHandler                0x080056bd   Thumb Code    16  stm32f1xx_it.o(.text.USB_HP_CAN1_TX_IRQHandler)
    USB_LP_CAN1_RX0_IRQHandler               0x080056cd   Thumb Code    16  stm32f1xx_it.o(.text.USB_LP_CAN1_RX0_IRQHandler)
    UsageFault_Handler                       0x080056dd   Thumb Code     4  stm32f1xx_it.o(.text.UsageFault_Handler)
    User_IRQHandler                          0x080056e1   Thumb Code   264  irqn.o(.text.User_IRQHandler)
    VOFA_justfloat                           0x080057e9   Thumb Code   266  vofa.o(.text.VOFA_justfloat)
    Vision_Monitor                           0x080058f5   Thumb Code    48  vision.o(.text.Vision_Monitor)
    Vision_Rx_Data                           0x08005925   Thumb Code   490  vision.o(.text.Vision_Rx_Data)
    gimbal_task                              0x08005fed   Thumb Code   274  gimbal_task.o(.text.gimbal_task)
    main                                     0x08006101   Thumb Code    56  main.o(.text.main)
    osDelay                                  0x08006161   Thumb Code    40  cmsis_os.o(.text.osDelay)
    osKernelStart                            0x08006189   Thumb Code    10  cmsis_os.o(.text.osKernelStart)
    osMutexCreate                            0x08006195   Thumb Code    44  cmsis_os.o(.text.osMutexCreate)
    osThreadCreate                           0x080061c1   Thumb Code   172  cmsis_os.o(.text.osThreadCreate)
    pvPortMalloc                             0x08007029   Thumb Code   492  heap_4.o(.text.pvPortMalloc)
    pxPortInitialiseStack                    0x08007215   Thumb Code    80  port.o(.text.pxPortInitialiseStack)
    uxListRemove                             0x08007265   Thumb Code    72  list.o(.text.uxListRemove)
    vApplicationGetIdleTaskMemory            0x080072ad   Thumb Code    42  freertos.o(.text.vApplicationGetIdleTaskMemory)
    vApplicationGetTimerTaskMemory           0x080072d9   Thumb Code    44  freertos.o(.text.vApplicationGetTimerTaskMemory)
    vListInitialise                          0x08007305   Thumb Code    46  list.o(.text.vListInitialise)
    vListInitialiseItem                      0x08007335   Thumb Code    14  list.o(.text.vListInitialiseItem)
    vListInsert                              0x08007345   Thumb Code   106  list.o(.text.vListInsert)
    vListInsertEnd                           0x080073b1   Thumb Code    58  list.o(.text.vListInsertEnd)
    vPortEnterCritical                       0x080073ed   Thumb Code    86  port.o(.text.vPortEnterCritical)
    vPortExitCritical                        0x08007445   Thumb Code    74  port.o(.text.vPortExitCritical)
    vPortFree                                0x08007491   Thumb Code   206  heap_4.o(.text.vPortFree)
    vPortSetupTimerInterrupt                 0x08007561   Thumb Code    68  port.o(.text.vPortSetupTimerInterrupt)
    vPortValidateInterruptPriority           0x080075a5   Thumb Code   132  port.o(.text.vPortValidateInterruptPriority)
    vQueueAddToRegistry                      0x08007629   Thumb Code    82  queue.o(.text.vQueueAddToRegistry)
    vQueueWaitForMessageRestricted           0x0800767d   Thumb Code   100  queue.o(.text.vQueueWaitForMessageRestricted)
    vTaskDelay                               0x080076e1   Thumb Code   110  tasks.o(.text.vTaskDelay)
    vTaskInternalSetTimeOutState             0x08007751   Thumb Code    36  tasks.o(.text.vTaskInternalSetTimeOutState)
    vTaskMissedYield                         0x08007775   Thumb Code    14  tasks.o(.text.vTaskMissedYield)
    vTaskPlaceOnEventList                    0x08007785   Thumb Code    66  tasks.o(.text.vTaskPlaceOnEventList)
    vTaskPlaceOnEventListRestricted          0x080077c9   Thumb Code    82  tasks.o(.text.vTaskPlaceOnEventListRestricted)
    vTaskStartScheduler                      0x0800781d   Thumb Code   224  tasks.o(.text.vTaskStartScheduler)
    vTaskSuspendAll                          0x080078fd   Thumb Code    16  tasks.o(.text.vTaskSuspendAll)
    vTaskSwitchContext                       0x0800790d   Thumb Code   190  tasks.o(.text.vTaskSwitchContext)
    xPortStartScheduler                      0x080079cd   Thumb Code   230  port.o(.text.xPortStartScheduler)
    xQueueCreateMutex                        0x08007ab5   Thumb Code    38  queue.o(.text.xQueueCreateMutex)
    xQueueCreateMutexStatic                  0x08007add   Thumb Code    50  queue.o(.text.xQueueCreateMutexStatic)
    xQueueGenericCreate                      0x08007b11   Thumb Code   116  queue.o(.text.xQueueGenericCreate)
    xQueueGenericCreateStatic                0x08007b85   Thumb Code   270  queue.o(.text.xQueueGenericCreateStatic)
    xQueueGenericReset                       0x08007c95   Thumb Code   186  queue.o(.text.xQueueGenericReset)
    xQueueGenericSend                        0x08007d51   Thumb Code   556  queue.o(.text.xQueueGenericSend)
    xQueueGenericSendFromISR                 0x08007f7d   Thumb Code   332  queue.o(.text.xQueueGenericSendFromISR)
    xQueueReceive                            0x080080c9   Thumb Code   476  queue.o(.text.xQueueReceive)
    xTaskCheckForTimeOut                     0x080082a5   Thumb Code   204  tasks.o(.text.xTaskCheckForTimeOut)
    xTaskCreate                              0x08008371   Thumb Code   158  tasks.o(.text.xTaskCreate)
    xTaskCreateStatic                        0x08008411   Thumb Code   206  tasks.o(.text.xTaskCreateStatic)
    xTaskGetSchedulerState                   0x080084e1   Thumb Code    56  tasks.o(.text.xTaskGetSchedulerState)
    xTaskGetTickCount                        0x08008519   Thumb Code    20  tasks.o(.text.xTaskGetTickCount)
    xTaskIncrementTick                       0x0800852d   Thumb Code   440  tasks.o(.text.xTaskIncrementTick)
    xTaskPriorityDisinherit                  0x080086e5   Thumb Code   280  tasks.o(.text.xTaskPriorityDisinherit)
    xTaskRemoveFromEventList                 0x080087fd   Thumb Code   194  tasks.o(.text.xTaskRemoveFromEventList)
    xTaskResumeAll                           0x080088c1   Thumb Code   376  tasks.o(.text.xTaskResumeAll)
    xTimerCreateTimerTask                    0x08008a39   Thumb Code   148  timers.o(.text.xTimerCreateTimerTask)
    xTimerGenericCommand                     0x08008acd   Thumb Code   176  timers.o(.text.xTimerGenericCommand)
    __ARM_fpclassifyf                        0x08008b7d   Thumb Code    38  fpclassifyf.o(i.__ARM_fpclassifyf)
    __mathlib_flt_infnan                     0x08008ba3   Thumb Code     6  funder.o(i.__mathlib_flt_infnan)
    __mathlib_flt_invalid                    0x08008ba9   Thumb Code     8  funder.o(i.__mathlib_flt_invalid)
    __mathlib_flt_underflow                  0x08008bb1   Thumb Code    10  funder.o(i.__mathlib_flt_underflow)
    __mathlib_rredf2                         0x08008bbd   Thumb Code   344  rredf.o(i.__mathlib_rredf2)
    sinf                                     0x08008d25   Thumb Code   338  sinf.o(i.sinf)
    __aeabi_fadd                             0x08008ead   Thumb Code     0  faddsub_clz.o(x$fpl$fadd)
    _fadd                                    0x08008ead   Thumb Code   196  faddsub_clz.o(x$fpl$fadd)
    __fpl_fcheck_NaN1                        0x08008f71   Thumb Code     6  fcheck1.o(x$fpl$fcheck1)
    __aeabi_fcmpeq                           0x08008f7d   Thumb Code     0  fcmp.o(x$fpl$fcmp)
    _feq                                     0x08008f7d   Thumb Code    14  fcmp.o(x$fpl$fcmp)
    _fneq                                    0x08008f8b   Thumb Code    14  fcmp.o(x$fpl$fcmp)
    __aeabi_fcmpgt                           0x08008f99   Thumb Code     0  fcmp.o(x$fpl$fcmp)
    _fgr                                     0x08008f99   Thumb Code    14  fcmp.o(x$fpl$fcmp)
    __aeabi_fcmpge                           0x08008fa7   Thumb Code     0  fcmp.o(x$fpl$fcmp)
    _fgeq                                    0x08008fa7   Thumb Code    14  fcmp.o(x$fpl$fcmp)
    __aeabi_fcmple                           0x08008fb5   Thumb Code     0  fcmp.o(x$fpl$fcmp)
    _fleq                                    0x08008fb5   Thumb Code    14  fcmp.o(x$fpl$fcmp)
    __aeabi_fcmplt                           0x08008fc3   Thumb Code     0  fcmp.o(x$fpl$fcmp)
    _fls                                     0x08008fc3   Thumb Code    14  fcmp.o(x$fpl$fcmp)
    __fpl_fcmp_Inf                           0x08008fd1   Thumb Code    24  fcmpi.o(x$fpl$fcmpinf)
    __aeabi_fdiv                             0x08008fe9   Thumb Code     0  fdiv.o(x$fpl$fdiv)
    _fdiv                                    0x08008fe9   Thumb Code   384  fdiv.o(x$fpl$fdiv)
    __aeabi_cfcmpeq                          0x0800916d   Thumb Code     0  feqf.o(x$fpl$feqf)
    _fcmpeq                                  0x0800916d   Thumb Code   104  feqf.o(x$fpl$feqf)
    __aeabi_f2iz                             0x080091d5   Thumb Code     0  ffix.o(x$fpl$ffix)
    _ffix                                    0x080091d5   Thumb Code    54  ffix.o(x$fpl$ffix)
    __aeabi_i2f                              0x0800920d   Thumb Code     0  fflt_clz.o(x$fpl$fflt)
    _fflt                                    0x0800920d   Thumb Code    48  fflt_clz.o(x$fpl$fflt)
    __aeabi_ui2f                             0x0800923d   Thumb Code     0  fflt_clz.o(x$fpl$ffltu)
    _ffltu                                   0x0800923d   Thumb Code    38  fflt_clz.o(x$fpl$ffltu)
    _fcmpge                                  0x08009265   Thumb Code   104  fgeqf.o(x$fpl$fgeqf)
    __aeabi_cfcmple                          0x080092cd   Thumb Code     0  fleqf.o(x$fpl$fleqf)
    _fcmple                                  0x080092cd   Thumb Code   104  fleqf.o(x$fpl$fleqf)
    __fpl_fcmple_InfNaN                      0x0800931f   Thumb Code     0  fleqf.o(x$fpl$fleqf)
    __aeabi_fmul                             0x08009335   Thumb Code     0  fmul.o(x$fpl$fmul)
    _fmul                                    0x08009335   Thumb Code   258  fmul.o(x$fpl$fmul)
    __fpl_fnaninf                            0x08009437   Thumb Code   140  fnaninf.o(x$fpl$fnaninf)
    __fpl_fretinf                            0x080094c3   Thumb Code    10  fretinf.o(x$fpl$fretinf)
    _frnd                                    0x080094cd   Thumb Code    96  frnd.o(x$fpl$frnd)
    __aeabi_frsub                            0x0800952d   Thumb Code     0  faddsub_clz.o(x$fpl$frsb)
    _frsb                                    0x0800952d   Thumb Code    20  faddsub_clz.o(x$fpl$frsb)
    __aeabi_fsub                             0x08009541   Thumb Code     0  faddsub_clz.o(x$fpl$fsub)
    _fsub                                    0x08009541   Thumb Code   234  faddsub_clz.o(x$fpl$fsub)
    __fpl_return_NaN                         0x0800962b   Thumb Code   100  retnan.o(x$fpl$retnan)
    __ARM_scalbnf                            0x0800968f   Thumb Code    76  scalbnf.o(x$fpl$scalbnf)
    __fpl_cmpreturn                          0x080096db   Thumb Code    48  trapv.o(x$fpl$trapveneer)
    __I$use$fp                               0x0800970a   Number         0  usenofp.o(x$fpl$usenofp)
    AHBPrescTable                            0x080097b0   Data          16  system_stm32f1xx.o(.rodata.AHBPrescTable)
    APBPrescTable                            0x080097c0   Data           8  system_stm32f1xx.o(.rodata.APBPrescTable)
    Region$$Table$$Base                      0x08009810   Number         0  anon$$obj.o(Region$$Table)
    Region$$Table$$Limit                     0x08009830   Number         0  anon$$obj.o(Region$$Table)
    SystemCoreClock                          0x20000000   Data           4  system_stm32f1xx.o(.data.SystemCoreClock)
    uwTickFreq                               0x20000004   Data           1  stm32f1xx_hal.o(.data.uwTickFreq)
    uwTickPrio                               0x20000008   Data           4  stm32f1xx_hal.o(.data.uwTickPrio)
    __libspace_start                         0x20000010   Data          96  libspace.o(.bss)
    ALL_CONTAL                               0x20000070   Data          56  all_init.o(.bss.ALL_CONTAL)
    __temporary_stack_top$libspace           0x20000070   Data           0  libspace.o(.bss)
    ALL_MOTOR                                0x200000a8   Data        2496  all_init.o(.bss.ALL_MOTOR)
    CYCCNT64                                 0x20000a78   Data           8  bsp_dwt.o(.bss.CYCCNT64)
    DBUS_V_DATA                              0x20000a88   Data          16  all_init.o(.bss.DBUS_V_DATA)
    DBUS_V_UNION                             0x20000a98   Data          24  all_init.o(.bss.DBUS_V_UNION)
    SysTime                                  0x20000ac8   Data           8  bsp_dwt.o(.bss.SysTime)
    VisionRxData                             0x20000ad0   Data          52  all_init.o(.bss.VisionRxData)
    data                                     0x20000b04   Data          44  vofa.o(.bss.data)
    defaultTaskHandle                        0x20000b30   Data           4  freertos.o(.bss.defaultTaskHandle)
    gimbalTaskHandle                         0x20000b3c   Data           4  freertos.o(.bss.gimbalTaskHandle)
    hcan                                     0x20000b40   Data          40  can.o(.bss.hcan)
    hdma_usart1_rx                           0x20000b68   Data          68  usart.o(.bss.hdma_usart1_rx)
    hdma_usart1_tx                           0x20000bac   Data          68  usart.o(.bss.hdma_usart1_tx)
    hdma_usart2_rx                           0x20000bf0   Data          68  usart.o(.bss.hdma_usart2_rx)
    hdma_usart2_tx                           0x20000c34   Data          68  usart.o(.bss.hdma_usart2_tx)
    hdma_usart3_rx                           0x20000c78   Data          68  usart.o(.bss.hdma_usart3_rx)
    htim1                                    0x20000cbc   Data          72  stm32f1xx_hal_timebase_tim.o(.bss.htim1)
    htim2                                    0x20000d04   Data          72  tim.o(.bss.htim2)
    huart1                                   0x20000d4c   Data          72  usart.o(.bss.huart1)
    huart2                                   0x20000d94   Data          72  usart.o(.bss.huart2)
    huart3                                   0x20000ddc   Data          72  usart.o(.bss.huart3)
    monitorTaskHandle                        0x20000e24   Data           4  freertos.o(.bss.monitorTaskHandle)
    motorOfflineHandle                       0x20000e28   Data           4  freertos.o(.bss.motorOfflineHandle)
    pitch_id                                 0x20000e2c   Data          64  all_init.o(.bss.pitch_id)
    pxCurrentTCB                             0x20000f30   Data           4  tasks.o(.bss.pxCurrentTCB)
    uwTick                                   0x20001bdc   Data           4  stm32f1xx_hal.o(.bss.uwTick)
    xQueueRegistry                           0x20001ecc   Data          64  queue.o(.bss.xQueueRegistry)
    yaw_id                                   0x20002390   Data          64  all_init.o(.bss.yaw_id)



==============================================================================

Memory Map of the image

  Image Entry point : 0x080000ed

  Load Region LR_IROM1 (Base: 0x08000000, Size: 0x00009840, Max: 0x00010000, ABSOLUTE)

    Execution Region ER_IROM1 (Exec base: 0x08000000, Load base: 0x08000000, Size: 0x00009830, Max: 0x00010000, ABSOLUTE)

    Exec Addr    Load Addr    Size         Type   Attr      Idx    E Section Name        Object

    0x08000000   0x08000000   0x000000ec   Data   RO            3    RESET               startup_stm32f103xb.o
    0x080000ec   0x080000ec   0x00000008   Code   RO         1942  * !!!main             c_w.l(__main.o)
    0x080000f4   0x080000f4   0x00000034   Code   RO         2212    !!!scatter          c_w.l(__scatter.o)
    0x08000128   0x08000128   0x0000001a   Code   RO         2214    !!handler_copy      c_w.l(__scatter_copy.o)
    0x08000142   0x08000142   0x00000002   PAD
    0x08000144   0x08000144   0x0000001c   Code   RO         2216    !!handler_zi        c_w.l(__scatter_zi.o)
    0x08000160   0x08000160   0x00000002   Code   RO         2071    .ARM.Collect$$libinit$$00000000  c_w.l(libinit.o)
    0x08000162   0x08000162   0x00000000   Code   RO         2083    .ARM.Collect$$libinit$$00000002  c_w.l(libinit2.o)
    0x08000162   0x08000162   0x00000000   Code   RO         2085    .ARM.Collect$$libinit$$00000004  c_w.l(libinit2.o)
    0x08000162   0x08000162   0x00000000   Code   RO         2087    .ARM.Collect$$libinit$$00000006  c_w.l(libinit2.o)
    0x08000162   0x08000162   0x00000000   Code   RO         2090    .ARM.Collect$$libinit$$0000000C  c_w.l(libinit2.o)
    0x08000162   0x08000162   0x00000000   Code   RO         2092    .ARM.Collect$$libinit$$0000000E  c_w.l(libinit2.o)
    0x08000162   0x08000162   0x00000000   Code   RO         2094    .ARM.Collect$$libinit$$00000010  c_w.l(libinit2.o)
    0x08000162   0x08000162   0x00000000   Code   RO         2097    .ARM.Collect$$libinit$$00000013  c_w.l(libinit2.o)
    0x08000162   0x08000162   0x00000000   Code   RO         2099    .ARM.Collect$$libinit$$00000015  c_w.l(libinit2.o)
    0x08000162   0x08000162   0x00000000   Code   RO         2101    .ARM.Collect$$libinit$$00000017  c_w.l(libinit2.o)
    0x08000162   0x08000162   0x00000000   Code   RO         2103    .ARM.Collect$$libinit$$00000019  c_w.l(libinit2.o)
    0x08000162   0x08000162   0x00000000   Code   RO         2105    .ARM.Collect$$libinit$$0000001B  c_w.l(libinit2.o)
    0x08000162   0x08000162   0x00000000   Code   RO         2107    .ARM.Collect$$libinit$$0000001D  c_w.l(libinit2.o)
    0x08000162   0x08000162   0x00000000   Code   RO         2109    .ARM.Collect$$libinit$$0000001F  c_w.l(libinit2.o)
    0x08000162   0x08000162   0x00000000   Code   RO         2111    .ARM.Collect$$libinit$$00000021  c_w.l(libinit2.o)
    0x08000162   0x08000162   0x00000000   Code   RO         2113    .ARM.Collect$$libinit$$00000023  c_w.l(libinit2.o)
    0x08000162   0x08000162   0x00000000   Code   RO         2115    .ARM.Collect$$libinit$$00000025  c_w.l(libinit2.o)
    0x08000162   0x08000162   0x00000000   Code   RO         2117    .ARM.Collect$$libinit$$00000027  c_w.l(libinit2.o)
    0x08000162   0x08000162   0x00000000   Code   RO         2121    .ARM.Collect$$libinit$$0000002E  c_w.l(libinit2.o)
    0x08000162   0x08000162   0x00000000   Code   RO         2123    .ARM.Collect$$libinit$$00000030  c_w.l(libinit2.o)
    0x08000162   0x08000162   0x00000000   Code   RO         2125    .ARM.Collect$$libinit$$00000032  c_w.l(libinit2.o)
    0x08000162   0x08000162   0x00000000   Code   RO         2127    .ARM.Collect$$libinit$$00000034  c_w.l(libinit2.o)
    0x08000162   0x08000162   0x00000002   Code   RO         2128    .ARM.Collect$$libinit$$00000035  c_w.l(libinit2.o)
    0x08000164   0x08000164   0x00000002   Code   RO         2167    .ARM.Collect$$libshutdown$$00000000  c_w.l(libshutdown.o)
    0x08000166   0x08000166   0x00000000   Code   RO         2195    .ARM.Collect$$libshutdown$$00000002  c_w.l(libshutdown2.o)
    0x08000166   0x08000166   0x00000000   Code   RO         2197    .ARM.Collect$$libshutdown$$00000004  c_w.l(libshutdown2.o)
    0x08000166   0x08000166   0x00000000   Code   RO         2200    .ARM.Collect$$libshutdown$$00000007  c_w.l(libshutdown2.o)
    0x08000166   0x08000166   0x00000000   Code   RO         2203    .ARM.Collect$$libshutdown$$0000000A  c_w.l(libshutdown2.o)
    0x08000166   0x08000166   0x00000000   Code   RO         2205    .ARM.Collect$$libshutdown$$0000000C  c_w.l(libshutdown2.o)
    0x08000166   0x08000166   0x00000000   Code   RO         2208    .ARM.Collect$$libshutdown$$0000000F  c_w.l(libshutdown2.o)
    0x08000166   0x08000166   0x00000002   Code   RO         2209    .ARM.Collect$$libshutdown$$00000010  c_w.l(libshutdown2.o)
    0x08000168   0x08000168   0x00000000   Code   RO         1982    .ARM.Collect$$rtentry$$00000000  c_w.l(__rtentry.o)
    0x08000168   0x08000168   0x00000000   Code   RO         2030    .ARM.Collect$$rtentry$$00000002  c_w.l(__rtentry2.o)
    0x08000168   0x08000168   0x00000006   Code   RO         2042    .ARM.Collect$$rtentry$$00000004  c_w.l(__rtentry4.o)
    0x0800016e   0x0800016e   0x00000000   Code   RO         2032    .ARM.Collect$$rtentry$$00000009  c_w.l(__rtentry2.o)
    0x0800016e   0x0800016e   0x00000004   Code   RO         2033    .ARM.Collect$$rtentry$$0000000A  c_w.l(__rtentry2.o)
    0x08000172   0x08000172   0x00000000   Code   RO         2035    .ARM.Collect$$rtentry$$0000000C  c_w.l(__rtentry2.o)
    0x08000172   0x08000172   0x00000008   Code   RO         2036    .ARM.Collect$$rtentry$$0000000D  c_w.l(__rtentry2.o)
    0x0800017a   0x0800017a   0x00000002   Code   RO         2074    .ARM.Collect$$rtexit$$00000000  c_w.l(rtexit.o)
    0x0800017c   0x0800017c   0x00000000   Code   RO         2136    .ARM.Collect$$rtexit$$00000002  c_w.l(rtexit2.o)
    0x0800017c   0x0800017c   0x00000004   Code   RO         2137    .ARM.Collect$$rtexit$$00000003  c_w.l(rtexit2.o)
    0x08000180   0x08000180   0x00000006   Code   RO         2138    .ARM.Collect$$rtexit$$00000004  c_w.l(rtexit2.o)
    0x08000186   0x08000186   0x00000002   PAD
    0x08000188   0x08000188   0x00000040   Code   RO            4    .text               startup_stm32f103xb.o
    0x080001c8   0x080001c8   0x000000f0   Code   RO         1932    .text               c_w.l(lludivv7m.o)
    0x080002b8   0x080002b8   0x0000008a   Code   RO         1934    .text               c_w.l(rt_memcpy_v6.o)
    0x08000342   0x08000342   0x0000004e   Code   RO         1938    .text               c_w.l(rt_memclr_w.o)
    0x08000390   0x08000390   0x00000006   Code   RO         1940    .text               c_w.l(heapauxi.o)
    0x08000396   0x08000396   0x00000016   Code   RO         1987    .text               c_w.l(_rserrno.o)
    0x080003ac   0x080003ac   0x00000064   Code   RO         1989    .text               c_w.l(rt_memcpy_w.o)
    0x08000410   0x08000410   0x00000008   Code   RO         2049    .text               c_w.l(rt_errno_addr_intlibspace.o)
    0x08000418   0x08000418   0x00000008   Code   RO         2055    .text               c_w.l(libspace.o)
    0x08000420   0x08000420   0x0000004a   Code   RO         2058    .text               c_w.l(sys_stackheap_outer.o)
    0x0800046a   0x0800046a   0x00000012   Code   RO         2060    .text               c_w.l(exit.o)
    0x0800047c   0x0800047c   0x0000000c   Code   RO         2131    .text               c_w.l(sys_exit.o)
    0x08000488   0x08000488   0x00000002   Code   RO         2156    .text               c_w.l(use_no_semi.o)
    0x0800048a   0x0800048a   0x00000000   Code   RO         2158    .text               c_w.l(indicate_semi.o)
    0x0800048a   0x0800048a   0x00000002   PAD
    0x0800048c   0x0800048c   0x0000015e   Code   RO         1691    .text.All_Init      all_init.o
    0x080005ea   0x080005ea   0x00000002   PAD
    0x080005ec   0x080005ec   0x00000004   Code   RO          133    .text.BusFault_Handler  stm32f1xx_it.o
    0x080005f0   0x080005f0   0x00000042   Code   RO         1858    .text.CAN_Filter_Init  can_bsp.o
    0x08000632   0x08000632   0x00000002   PAD
    0x08000634   0x08000634   0x00000022   Code   RO         1886    .text.DBUS_OFFLINE_Check  rui_dbus.o
    0x08000656   0x08000656   0x00000002   PAD
    0x08000658   0x08000658   0x00000010   Code   RO          139    .text.DMA1_Channel3_IRQHandler  stm32f1xx_it.o
    0x08000668   0x08000668   0x00000010   Code   RO          141    .text.DMA1_Channel4_IRQHandler  stm32f1xx_it.o
    0x08000678   0x08000678   0x00000010   Code   RO          143    .text.DMA1_Channel5_IRQHandler  stm32f1xx_it.o
    0x08000688   0x08000688   0x00000010   Code   RO          145    .text.DMA1_Channel6_IRQHandler  stm32f1xx_it.o
    0x08000698   0x08000698   0x00000010   Code   RO          147    .text.DMA1_Channel7_IRQHandler  stm32f1xx_it.o
    0x080006a8   0x080006a8   0x00000050   Code   RO          763    .text.DMA_SetConfig  stm32f1xx_hal_dma.o
    0x080006f8   0x080006f8   0x00000040   Code   RO         1827    .text.DWT_CNT_Update  bsp_dwt.o
    0x08000738   0x08000738   0x00000048   Code   RO         1825    .text.DWT_GetDeltaT  bsp_dwt.o
    0x08000780   0x08000780   0x00000048   Code   RO         1835    .text.DWT_GetTimeline_ms  bsp_dwt.o
    0x080007c8   0x080007c8   0x00000088   Code   RO         1823    .text.DWT_Init      bsp_dwt.o
    0x08000850   0x08000850   0x000000fc   Code   RO         1831    .text.DWT_SysTimeUpdate  bsp_dwt.o
    0x0800094c   0x0800094c   0x00000002   Code   RO          137    .text.DebugMon_Handler  stm32f1xx_it.o
    0x0800094e   0x0800094e   0x00000002   PAD
    0x08000950   0x08000950   0x0000000e   Code   RO           15    .text.Error_Handler  main.o
    0x0800095e   0x0800095e   0x00000002   PAD
    0x08000960   0x08000960   0x00000052   Code   RO          575    .text.HAL_CAN_ActivateNotification  stm32f1xx_hal_can.o
    0x080009b2   0x080009b2   0x00000002   PAD
    0x080009b4   0x080009b4   0x00000156   Code   RO          561    .text.HAL_CAN_AddTxMessage  stm32f1xx_hal_can.o
    0x08000b0a   0x08000b0a   0x00000002   PAD
    0x08000b0c   0x08000b0c   0x0000017a   Code   RO          551    .text.HAL_CAN_ConfigFilter  stm32f1xx_hal_can.o
    0x08000c86   0x08000c86   0x00000002   PAD
    0x08000c88   0x08000c88   0x00000008   Code   RO          605    .text.HAL_CAN_ErrorCallback  stm32f1xx_hal_can.o
    0x08000c90   0x08000c90   0x00000212   Code   RO          571    .text.HAL_CAN_GetRxMessage  stm32f1xx_hal_can.o
    0x08000ea2   0x08000ea2   0x00000002   PAD
    0x08000ea4   0x08000ea4   0x000003f2   Code   RO          579    .text.HAL_CAN_IRQHandler  stm32f1xx_hal_can.o
    0x08001296   0x08001296   0x00000002   PAD
    0x08001298   0x08001298   0x000001de   Code   RO          541    .text.HAL_CAN_Init  stm32f1xx_hal_can.o
    0x08001476   0x08001476   0x00000002   PAD
    0x08001478   0x08001478   0x000000c2   Code   RO           68    .text.HAL_CAN_MspInit  can.o
    0x0800153a   0x0800153a   0x00000002   PAD
    0x0800153c   0x0800153c   0x00000008   Code   RO          593    .text.HAL_CAN_RxFifo0FullCallback  stm32f1xx_hal_can.o
    0x08001544   0x08001544   0x000000ba   Code   RO         1719    .text.HAL_CAN_RxFifo0MsgPendingCallback  irqn.o
    0x080015fe   0x080015fe   0x00000002   PAD
    0x08001600   0x08001600   0x00000008   Code   RO          597    .text.HAL_CAN_RxFifo1FullCallback  stm32f1xx_hal_can.o
    0x08001608   0x08001608   0x00000008   Code   RO          599    .text.HAL_CAN_RxFifo1MsgPendingCallback  stm32f1xx_hal_can.o
    0x08001610   0x08001610   0x00000008   Code   RO          601    .text.HAL_CAN_SleepCallback  stm32f1xx_hal_can.o
    0x08001618   0x08001618   0x0000008a   Code   RO          553    .text.HAL_CAN_Start  stm32f1xx_hal_can.o
    0x080016a2   0x080016a2   0x00000002   PAD
    0x080016a4   0x080016a4   0x00000008   Code   RO          583    .text.HAL_CAN_TxMailbox0AbortCallback  stm32f1xx_hal_can.o
    0x080016ac   0x080016ac   0x00000008   Code   RO          581    .text.HAL_CAN_TxMailbox0CompleteCallback  stm32f1xx_hal_can.o
    0x080016b4   0x080016b4   0x00000008   Code   RO          587    .text.HAL_CAN_TxMailbox1AbortCallback  stm32f1xx_hal_can.o
    0x080016bc   0x080016bc   0x00000008   Code   RO          585    .text.HAL_CAN_TxMailbox1CompleteCallback  stm32f1xx_hal_can.o
    0x080016c4   0x080016c4   0x00000008   Code   RO          591    .text.HAL_CAN_TxMailbox2AbortCallback  stm32f1xx_hal_can.o
    0x080016cc   0x080016cc   0x00000008   Code   RO          589    .text.HAL_CAN_TxMailbox2CompleteCallback  stm32f1xx_hal_can.o
    0x080016d4   0x080016d4   0x00000008   Code   RO          603    .text.HAL_CAN_WakeUpFromRxMsgCallback  stm32f1xx_hal_can.o
    0x080016dc   0x080016dc   0x0000007c   Code   RO          767    .text.HAL_DMA_Abort  stm32f1xx_hal_dma.o
    0x08001758   0x08001758   0x0000011c   Code   RO          769    .text.HAL_DMA_Abort_IT  stm32f1xx_hal_dma.o
    0x08001874   0x08001874   0x00000286   Code   RO          773    .text.HAL_DMA_IRQHandler  stm32f1xx_hal_dma.o
    0x08001afa   0x08001afa   0x00000002   PAD
    0x08001afc   0x08001afc   0x000000ae   Code   RO          757    .text.HAL_DMA_Init  stm32f1xx_hal_dma.o
    0x08001baa   0x08001baa   0x00000002   PAD
    0x08001bac   0x08001bac   0x000000ca   Code   RO          765    .text.HAL_DMA_Start_IT  stm32f1xx_hal_dma.o
    0x08001c76   0x08001c76   0x00000002   PAD
    0x08001c78   0x08001c78   0x0000031e   Code   RO          734    .text.HAL_GPIO_Init  stm32f1xx_hal_gpio.o
    0x08001f96   0x08001f96   0x00000002   PAD
    0x08001f98   0x08001f98   0x00000026   Code   RO          742    .text.HAL_GPIO_TogglePin  stm32f1xx_hal_gpio.o
    0x08001fbe   0x08001fbe   0x00000002   PAD
    0x08001fc0   0x08001fc0   0x0000002e   Code   RO          740    .text.HAL_GPIO_WritePin  stm32f1xx_hal_gpio.o
    0x08001fee   0x08001fee   0x00000002   PAD
    0x08001ff0   0x08001ff0   0x0000000c   Code   RO          632    .text.HAL_GetTick   stm32f1xx_hal.o
    0x08001ffc   0x08001ffc   0x0000001a   Code   RO          630    .text.HAL_IncTick   stm32f1xx_hal.o
    0x08002016   0x08002016   0x00000002   PAD
    0x08002018   0x08002018   0x00000026   Code   RO          620    .text.HAL_Init      stm32f1xx_hal.o
    0x0800203e   0x0800203e   0x00000002   PAD
    0x08002040   0x08002040   0x000000da   Code   RO          178    .text.HAL_InitTick  stm32f1xx_hal_timebase_tim.o
    0x0800211a   0x0800211a   0x00000002   PAD
    0x0800211c   0x0800211c   0x00000072   Code   RO          170    .text.HAL_MspInit   stm32f1xx_hal_msp.o
    0x0800218e   0x0800218e   0x00000002   PAD
    0x08002190   0x08002190   0x00000014   Code   RO          802    .text.HAL_NVIC_EnableIRQ  stm32f1xx_hal_cortex.o
    0x080021a4   0x080021a4   0x00000032   Code   RO          794    .text.HAL_NVIC_SetPriority  stm32f1xx_hal_cortex.o
    0x080021d6   0x080021d6   0x00000002   PAD
    0x080021d8   0x080021d8   0x00000010   Code   RO          790    .text.HAL_NVIC_SetPriorityGrouping  stm32f1xx_hal_cortex.o
    0x080021e8   0x080021e8   0x00000256   Code   RO          686    .text.HAL_RCC_ClockConfig  stm32f1xx_hal_rcc.o
    0x0800243e   0x0800243e   0x00000002   PAD
    0x08002440   0x08002440   0x00000054   Code   RO          704    .text.HAL_RCC_GetClockConfig  stm32f1xx_hal_rcc.o
    0x08002494   0x08002494   0x0000000c   Code   RO          696    .text.HAL_RCC_GetHCLKFreq  stm32f1xx_hal_rcc.o
    0x080024a0   0x080024a0   0x00000022   Code   RO          698    .text.HAL_RCC_GetPCLK1Freq  stm32f1xx_hal_rcc.o
    0x080024c2   0x080024c2   0x00000002   PAD
    0x080024c4   0x080024c4   0x00000022   Code   RO          700    .text.HAL_RCC_GetPCLK2Freq  stm32f1xx_hal_rcc.o
    0x080024e6   0x080024e6   0x00000002   PAD
    0x080024e8   0x080024e8   0x000000bc   Code   RO          688    .text.HAL_RCC_GetSysClockFreq  stm32f1xx_hal_rcc.o
    0x080025a4   0x080025a4   0x0000067a   Code   RO          682    .text.HAL_RCC_OscConfig  stm32f1xx_hal_rcc.o
    0x08002c1e   0x08002c1e   0x00000002   PAD
    0x08002c20   0x08002c20   0x00000008   Code   RO          528    .text.HAL_TIMEx_BreakCallback  stm32f1xx_hal_tim_ex.o
    0x08002c28   0x08002c28   0x00000008   Code   RO          524    .text.HAL_TIMEx_CommutCallback  stm32f1xx_hal_tim_ex.o
    0x08002c30   0x08002c30   0x000000dc   Code   RO          518    .text.HAL_TIMEx_MasterConfigSynchronization  stm32f1xx_hal_tim_ex.o
    0x08002d0c   0x08002d0c   0x0000009c   Code   RO          205    .text.HAL_TIM_Base_Init  stm32f1xx_hal_tim.o
    0x08002da8   0x08002da8   0x00000048   Code   RO           90    .text.HAL_TIM_Base_MspInit  tim.o
    0x08002df0   0x08002df0   0x000000b0   Code   RO          219    .text.HAL_TIM_Base_Start_IT  stm32f1xx_hal_tim.o
    0x08002ea0   0x08002ea0   0x00000184   Code   RO          397    .text.HAL_TIM_ConfigClockSource  stm32f1xx_hal_tim.o
    0x08003024   0x08003024   0x00000008   Code   RO          341    .text.HAL_TIM_IC_CaptureCallback  stm32f1xx_hal_tim.o
    0x0800302c   0x0800302c   0x0000021a   Code   RO          339    .text.HAL_TIM_IRQHandler  stm32f1xx_hal_tim.o
    0x08003246   0x08003246   0x00000002   PAD
    0x08003248   0x08003248   0x00000008   Code   RO          343    .text.HAL_TIM_OC_DelayElapsedCallback  stm32f1xx_hal_tim.o
    0x08003250   0x08003250   0x00000008   Code   RO          345    .text.HAL_TIM_PWM_PulseFinishedCallback  stm32f1xx_hal_tim.o
    0x08003258   0x08003258   0x00000022   Code   RO           17    .text.HAL_TIM_PeriodElapsedCallback  main.o
    0x0800327a   0x0800327a   0x00000002   PAD
    0x0800327c   0x0800327c   0x00000008   Code   RO          349    .text.HAL_TIM_TriggerCallback  stm32f1xx_hal_tim.o
    0x08003284   0x08003284   0x0000000c   Code   RO         1090    .text.HAL_UARTEx_RxEventCallback  stm32f1xx_hal_uart.o
    0x08003290   0x08003290   0x000000cc   Code   RO         1042    .text.HAL_UART_DMAStop  stm32f1xx_hal_uart.o
    0x0800335c   0x0800335c   0x00000008   Code   RO         1088    .text.HAL_UART_ErrorCallback  stm32f1xx_hal_uart.o
    0x08003364   0x08003364   0x0000042a   Code   RO         1082    .text.HAL_UART_IRQHandler  stm32f1xx_hal_uart.o
    0x0800378e   0x0800378e   0x00000002   PAD
    0x08003790   0x08003790   0x0000009e   Code   RO          998    .text.HAL_UART_Init  stm32f1xx_hal_uart.o
    0x0800382e   0x0800382e   0x00000002   PAD
    0x08003830   0x08003830   0x00000356   Code   RO          108    .text.HAL_UART_MspInit  usart.o
    0x08003b86   0x08003b86   0x00000002   PAD
    0x08003b88   0x08003b88   0x00000056   Code   RO         1034    .text.HAL_UART_Receive_DMA  stm32f1xx_hal_uart.o
    0x08003bde   0x08003bde   0x00000002   PAD
    0x08003be0   0x08003be0   0x00000044   Code   RO         1721    .text.HAL_UART_RxCpltCallback  irqn.o
    0x08003c24   0x08003c24   0x00000008   Code   RO         1102    .text.HAL_UART_RxHalfCpltCallback  stm32f1xx_hal_uart.o
    0x08003c2c   0x08003c2c   0x000000e2   Code   RO         1026    .text.HAL_UART_Transmit_DMA  stm32f1xx_hal_uart.o
    0x08003d0e   0x08003d0e   0x00000002   PAD
    0x08003d10   0x08003d10   0x00000008   Code   RO         1096    .text.HAL_UART_TxCpltCallback  stm32f1xx_hal_uart.o
    0x08003d18   0x08003d18   0x00000008   Code   RO         1098    .text.HAL_UART_TxHalfCpltCallback  stm32f1xx_hal_uart.o
    0x08003d20   0x08003d20   0x00000004   Code   RO          129    .text.HardFault_Handler  stm32f1xx_it.o
    0x08003d24   0x08003d24   0x0000005c   Code   RO         1918    .text.LKMF_iq_ctrl  lk_motor.o
    0x08003d80   0x08003d80   0x00000118   Code   RO         1922    .text.LK_MotorResolve  lk_motor.o
    0x08003e98   0x08003e98   0x00000134   Code   RO         1798    .text.MOTOR_PID_Gimbal_INIT  gimbal_task.o
    0x08003fcc   0x08003fcc   0x0000004e   Code   RO           66    .text.MX_CAN_Init   can.o
    0x0800401a   0x0800401a   0x00000002   PAD
    0x0800401c   0x0800401c   0x00000084   Code   RO           80    .text.MX_DMA_Init   dma.o
    0x080040a0   0x080040a0   0x000000da   Code   RO           39    .text.MX_FREERTOS_Init  freertos.o
    0x0800417a   0x0800417a   0x00000002   PAD
    0x0800417c   0x0800417c   0x000000b6   Code   RO           27    .text.MX_GPIO_Init  gpio.o
    0x08004232   0x08004232   0x00000002   PAD
    0x08004234   0x08004234   0x00000084   Code   RO           88    .text.MX_TIM2_Init  tim.o
    0x080042b8   0x080042b8   0x00000040   Code   RO          102    .text.MX_USART1_UART_Init  usart.o
    0x080042f8   0x080042f8   0x00000040   Code   RO          104    .text.MX_USART2_UART_Init  usart.o
    0x08004338   0x08004338   0x0000004c   Code   RO          106    .text.MX_USART3_UART_Init  usart.o
    0x08004384   0x08004384   0x00000004   Code   RO          131    .text.MemManage_Handler  stm32f1xx_it.o
    0x08004388   0x08004388   0x000000a4   Code   RO         1789    .text.MotorIdentify_Chirp  motoridentify.o
    0x0800442c   0x0800442c   0x0000007a   Code   RO         1779    .text.MotorIdentify_Init  motoridentify.o
    0x080044a6   0x080044a6   0x00000002   PAD
    0x080044a8   0x080044a8   0x00000030   Code   RO         1787    .text.MotorIdentify_SetChirp  motoridentify.o
    0x080044d8   0x080044d8   0x00000040   Code   RO         1781    .text.MotorIdentify_Update  motoridentify.o
    0x08004518   0x08004518   0x00000048   Code   RO         1873    .text.MotorResolve  dji_motor.o
    0x08004560   0x08004560   0x00000054   Code   RO         1875    .text.MotorRoundResolve  dji_motor.o
    0x080045b4   0x080045b4   0x00000004   Code   RO          127    .text.NMI_Handler   stm32f1xx_it.o
    0x080045b8   0x080045b8   0x0000006c   Code   RO          800    .text.NVIC_EncodePriority  stm32f1xx_hal_cortex.o
    0x08004624   0x08004624   0x0000019a   Code   RO         1749    .text.PID_Calculate  controller.o
    0x080047be   0x080047be   0x00000002   PAD
    0x080047c0   0x080047c0   0x00000094   Code   RO         1745    .text.PID_Init      controller.o
    0x08004854   0x08004854   0x0000000c   PAD
    0x08004860   0x08004860   0x00000044   Code   RO         1675    .text.PendSV_Handler  port.o
    0x080048a4   0x080048a4   0x0000003a   Code   RO          684    .text.RCC_Delay     stm32f1xx_hal_rcc.o
    0x080048de   0x080048de   0x00000002   PAD
    0x080048e0   0x080048e0   0x0000007a   Code   RO         1884    .text.RUI_F_DUBS_Resovled  rui_dbus.o
    0x0800495a   0x0800495a   0x00000002   PAD
    0x0800495c   0x0800495c   0x00000226   Code   RO         1815    .text.RobotTask     robot.o
    0x08004b82   0x08004b82   0x0000000e   PAD
    0x08004b90   0x08004b90   0x00000024   Code   RO         1661    .text.SVC_Handler   port.o
    0x08004bb4   0x08004bb4   0x0000001c   Code   RO         1783    .text.Shift         motoridentify.o
    0x08004bd0   0x08004bd0   0x00000024   Code   RO         1706    .text.StartDefaultTask  all_task.o
    0x08004bf4   0x08004bf4   0x0000004c   Code   RO         1708    .text.StartGimbalTask  all_task.o
    0x08004c40   0x08004c40   0x0000003a   Code   RO         1710    .text.StartMonitorTask  all_task.o
    0x08004c7a   0x08004c7a   0x00000002   PAD
    0x08004c7c   0x08004c7c   0x0000003c   Code   RO         1677    .text.SysTick_Handler  port.o
    0x08004cb8   0x08004cb8   0x0000006c   Code   RO           13    .text.SystemClock_Config  main.o
    0x08004d24   0x08004d24   0x00000002   Code   RO         1129    .text.SystemInit    system_stm32f1xx.o
    0x08004d26   0x08004d26   0x00000002   PAD
    0x08004d28   0x08004d28   0x00000010   Code   RO          153    .text.TIM1_UP_IRQHandler  stm32f1xx_it.o
    0x08004d38   0x08004d38   0x00000010   Code   RO          155    .text.TIM2_IRQHandler  stm32f1xx_it.o
    0x08004d48   0x08004d48   0x00000106   Code   RO          209    .text.TIM_Base_SetConfig  stm32f1xx_hal_tim.o
    0x08004e4e   0x08004e4e   0x00000002   PAD
    0x08004e50   0x08004e50   0x00000034   Code   RO          395    .text.TIM_ETR_SetConfig  stm32f1xx_hal_tim.o
    0x08004e84   0x08004e84   0x0000002a   Code   RO          401    .text.TIM_ITRx_SetConfig  stm32f1xx_hal_tim.o
    0x08004eae   0x08004eae   0x00000002   PAD
    0x08004eb0   0x08004eb0   0x00000050   Code   RO          399    .text.TIM_TI1_ConfigInputStage  stm32f1xx_hal_tim.o
    0x08004f00   0x08004f00   0x00000052   Code   RO          403    .text.TIM_TI2_ConfigInputStage  stm32f1xx_hal_tim.o
    0x08004f52   0x08004f52   0x00000002   PAD
    0x08004f54   0x08004f54   0x00000020   Code   RO         1086    .text.UART_DMAAbortOnError  stm32f1xx_hal_uart.o
    0x08004f74   0x08004f74   0x0000007c   Code   RO         1032    .text.UART_DMAError  stm32f1xx_hal_uart.o
    0x08004ff0   0x08004ff0   0x000000f4   Code   RO         1118    .text.UART_DMAReceiveCplt  stm32f1xx_hal_uart.o
    0x080050e4   0x080050e4   0x00000034   Code   RO         1120    .text.UART_DMARxHalfCplt  stm32f1xx_hal_uart.o
    0x08005118   0x08005118   0x0000007a   Code   RO         1028    .text.UART_DMATransmitCplt  stm32f1xx_hal_uart.o
    0x08005192   0x08005192   0x00000002   PAD
    0x08005194   0x08005194   0x00000016   Code   RO         1030    .text.UART_DMATxHalfCplt  stm32f1xx_hal_uart.o
    0x080051aa   0x080051aa   0x00000002   PAD
    0x080051ac   0x080051ac   0x00000094   Code   RO         1046    .text.UART_EndRxTransfer  stm32f1xx_hal_uart.o
    0x08005240   0x08005240   0x00000026   Code   RO         1094    .text.UART_EndTransmit_IT  stm32f1xx_hal_uart.o
    0x08005266   0x08005266   0x00000002   PAD
    0x08005268   0x08005268   0x00000036   Code   RO         1044    .text.UART_EndTxTransfer  stm32f1xx_hal_uart.o
    0x0800529e   0x0800529e   0x00000002   PAD
    0x080052a0   0x080052a0   0x0000016a   Code   RO         1084    .text.UART_Receive_IT  stm32f1xx_hal_uart.o
    0x0800540a   0x0800540a   0x00000002   PAD
    0x0800540c   0x0800540c   0x000000ba   Code   RO         1002    .text.UART_SetConfig  stm32f1xx_hal_uart.o
    0x080054c6   0x080054c6   0x00000002   PAD
    0x080054c8   0x080054c8   0x0000010c   Code   RO         1036    .text.UART_Start_Receive_DMA  stm32f1xx_hal_uart.o
    0x080055d4   0x080055d4   0x00000094   Code   RO         1092    .text.UART_Transmit_IT  stm32f1xx_hal_uart.o
    0x08005668   0x08005668   0x0000001c   Code   RO          157    .text.USART1_IRQHandler  stm32f1xx_it.o
    0x08005684   0x08005684   0x0000001c   Code   RO          159    .text.USART2_IRQHandler  stm32f1xx_it.o
    0x080056a0   0x080056a0   0x0000001c   Code   RO          161    .text.USART3_IRQHandler  stm32f1xx_it.o
    0x080056bc   0x080056bc   0x00000010   Code   RO          149    .text.USB_HP_CAN1_TX_IRQHandler  stm32f1xx_it.o
    0x080056cc   0x080056cc   0x00000010   Code   RO          151    .text.USB_LP_CAN1_RX0_IRQHandler  stm32f1xx_it.o
    0x080056dc   0x080056dc   0x00000004   Code   RO          135    .text.UsageFault_Handler  stm32f1xx_it.o
    0x080056e0   0x080056e0   0x00000108   Code   RO         1723    .text.User_IRQHandler  irqn.o
    0x080057e8   0x080057e8   0x0000010a   Code   RO         1909    .text.VOFA_justfloat  vofa.o
    0x080058f2   0x080058f2   0x00000002   PAD
    0x080058f4   0x080058f4   0x00000030   Code   RO         1899    .text.Vision_Monitor  vision.o
    0x08005924   0x08005924   0x000001ea   Code   RO         1895    .text.Vision_Rx_Data  vision.o
    0x08005b0e   0x08005b0e   0x00000002   PAD
    0x08005b10   0x08005b10   0x00000030   Code   RO          804    .text.__NVIC_EnableIRQ  stm32f1xx_hal_cortex.o
    0x08005b40   0x08005b40   0x00000010   Code   RO          796    .text.__NVIC_GetPriorityGrouping  stm32f1xx_hal_cortex.o
    0x08005b50   0x08005b50   0x00000042   Code   RO          798    .text.__NVIC_SetPriority  stm32f1xx_hal_cortex.o
    0x08005b92   0x08005b92   0x00000002   PAD
    0x08005b94   0x08005b94   0x0000003c   Code   RO          792    .text.__NVIC_SetPriorityGrouping  stm32f1xx_hal_cortex.o
    0x08005bd0   0x08005bd0   0x000000ec   Code   RO         1755    .text.f_Changing_Integration_Rate  controller.o
    0x08005cbc   0x08005cbc   0x00000054   Code   RO         1759    .text.f_Derivative_Filter  controller.o
    0x08005d10   0x08005d10   0x00000030   Code   RO         1757    .text.f_Derivative_On_Measurement  controller.o
    0x08005d40   0x08005d40   0x000000e6   Code   RO         1761    .text.f_Integral_Limit  controller.o
    0x08005e26   0x08005e26   0x00000002   PAD
    0x08005e28   0x08005e28   0x00000054   Code   RO         1763    .text.f_Output_Filter  controller.o
    0x08005e7c   0x08005e7c   0x0000003e   Code   RO         1765    .text.f_Output_Limit  controller.o
    0x08005eba   0x08005eba   0x00000002   PAD
    0x08005ebc   0x08005ebc   0x000000b8   Code   RO         1751    .text.f_PID_ErrorHandle  controller.o
    0x08005f74   0x08005f74   0x0000003e   Code   RO         1767    .text.f_Proportion_Limit  controller.o
    0x08005fb2   0x08005fb2   0x00000002   PAD
    0x08005fb4   0x08005fb4   0x00000038   Code   RO         1753    .text.f_Trapezoid_Intergral  controller.o
    0x08005fec   0x08005fec   0x00000112   Code   RO         1802    .text.gimbal_task   gimbal_task.o
    0x080060fe   0x080060fe   0x00000002   PAD
    0x08006100   0x08006100   0x00000038   Code   RO           11    .text.main          main.o
    0x08006138   0x08006138   0x00000028   Code   RO         1517    .text.makeFreeRtosPriority  cmsis_os.o
    0x08006160   0x08006160   0x00000028   Code   RO         1529    .text.osDelay       cmsis_os.o
    0x08006188   0x08006188   0x0000000a   Code   RO         1507    .text.osKernelStart  cmsis_os.o
    0x08006192   0x08006192   0x00000002   PAD
    0x08006194   0x08006194   0x0000002c   Code   RO         1543    .text.osMutexCreate  cmsis_os.o
    0x080061c0   0x080061c0   0x000000ac   Code   RO         1515    .text.osThreadCreate  cmsis_os.o
    0x0800626c   0x0800626c   0x000000f4   Code   RO         1331    .text.prvAddCurrentTaskToDelayedList  tasks.o
    0x08006360   0x08006360   0x00000110   Code   RO         1323    .text.prvAddNewTaskToReadyList  tasks.o
    0x08006470   0x08006470   0x000000a2   Code   RO         1446    .text.prvCheckForValidListAndQueue  timers.o
    0x08006512   0x08006512   0x00000002   PAD
    0x08006514   0x08006514   0x00000002   Code   RO         1415    .text.prvCheckTasksWaitingTermination  tasks.o
    0x08006516   0x08006516   0x00000002   PAD
    0x08006518   0x08006518   0x00000042   Code   RO         1228    .text.prvCopyDataFromQueue  queue.o
    0x0800655a   0x0800655a   0x00000002   PAD
    0x0800655c   0x0800655c   0x000000cc   Code   RO         1216    .text.prvCopyDataToQueue  queue.o
    0x08006628   0x08006628   0x00000040   Code   RO         1476    .text.prvGetNextExpireTime  timers.o
    0x08006668   0x08006668   0x000000bc   Code   RO         1628    .text.prvHeapInit   heap_4.o
    0x08006724   0x08006724   0x00000038   Code   RO         1351    .text.prvIdleTask   tasks.o
    0x0800675c   0x0800675c   0x0000002c   Code   RO         1200    .text.prvInitialiseMutex  queue.o
    0x08006788   0x08006788   0x0000003e   Code   RO         1194    .text.prvInitialiseNewQueue  queue.o
    0x080067c6   0x080067c6   0x00000002   PAD
    0x080067c8   0x080067c8   0x00000114   Code   RO         1321    .text.prvInitialiseNewTask  tasks.o
    0x080068dc   0x080068dc   0x00000082   Code   RO         1413    .text.prvInitialiseTaskLists  tasks.o
    0x0800695e   0x0800695e   0x00000002   PAD
    0x08006960   0x08006960   0x000000c6   Code   RO         1630    .text.prvInsertBlockIntoFreeList  heap_4.o
    0x08006a26   0x08006a26   0x00000002   PAD
    0x08006a28   0x08006a28   0x00000086   Code   RO         1488    .text.prvInsertTimerInActiveList  timers.o
    0x08006aae   0x08006aae   0x00000002   PAD
    0x08006ab0   0x08006ab0   0x00000028   Code   RO         1230    .text.prvIsQueueEmpty  queue.o
    0x08006ad8   0x08006ad8   0x0000002e   Code   RO         1218    .text.prvIsQueueFull  queue.o
    0x08006b06   0x08006b06   0x00000002   PAD
    0x08006b08   0x08006b08   0x00000020   Code   RO         1667    .text.prvPortStartFirstTask  port.o
    0x08006b28   0x08006b28   0x0000008e   Code   RO         1484    .text.prvProcessExpiredTimer  timers.o
    0x08006bb6   0x08006bb6   0x00000002   PAD
    0x08006bb8   0x08006bb8   0x00000158   Code   RO         1480    .text.prvProcessReceivedCommands  timers.o
    0x08006d10   0x08006d10   0x0000009a   Code   RO         1478    .text.prvProcessTimerOrBlockTask  timers.o
    0x08006daa   0x08006daa   0x00000002   PAD
    0x08006dac   0x08006dac   0x00000046   Code   RO         1339    .text.prvResetNextTaskUnblockTime  tasks.o
    0x08006df2   0x08006df2   0x00000002   PAD
    0x08006df4   0x08006df4   0x00000044   Code   RO         1482    .text.prvSampleTimeNow  timers.o
    0x08006e38   0x08006e38   0x000000d4   Code   RO         1486    .text.prvSwitchTimerLists  timers.o
    0x08006f0c   0x08006f0c   0x0000004c   Code   RO         1659    .text.prvTaskExitError  port.o
    0x08006f58   0x08006f58   0x0000001e   Code   RO         1448    .text.prvTimerTask  timers.o
    0x08006f76   0x08006f76   0x00000002   PAD
    0x08006f78   0x08006f78   0x000000ae   Code   RO         1220    .text.prvUnlockQueue  queue.o
    0x08007026   0x08007026   0x00000002   PAD
    0x08007028   0x08007028   0x000001ec   Code   RO         1626    .text.pvPortMalloc  heap_4.o
    0x08007214   0x08007214   0x00000050   Code   RO         1657    .text.pxPortInitialiseStack  port.o
    0x08007264   0x08007264   0x00000048   Code   RO         1181    .text.uxListRemove  list.o
    0x080072ac   0x080072ac   0x0000002a   Code   RO           35    .text.vApplicationGetIdleTaskMemory  freertos.o
    0x080072d6   0x080072d6   0x00000002   PAD
    0x080072d8   0x080072d8   0x0000002c   Code   RO           37    .text.vApplicationGetTimerTaskMemory  freertos.o
    0x08007304   0x08007304   0x0000002e   Code   RO         1173    .text.vListInitialise  list.o
    0x08007332   0x08007332   0x00000002   PAD
    0x08007334   0x08007334   0x0000000e   Code   RO         1175    .text.vListInitialiseItem  list.o
    0x08007342   0x08007342   0x00000002   PAD
    0x08007344   0x08007344   0x0000006a   Code   RO         1179    .text.vListInsert   list.o
    0x080073ae   0x080073ae   0x00000002   PAD
    0x080073b0   0x080073b0   0x0000003a   Code   RO         1177    .text.vListInsertEnd  list.o
    0x080073ea   0x080073ea   0x00000002   PAD
    0x080073ec   0x080073ec   0x00000056   Code   RO         1671    .text.vPortEnterCritical  port.o
    0x08007442   0x08007442   0x00000002   PAD
    0x08007444   0x08007444   0x0000004a   Code   RO         1673    .text.vPortExitCritical  port.o
    0x0800748e   0x0800748e   0x00000002   PAD
    0x08007490   0x08007490   0x000000ce   Code   RO         1632    .text.vPortFree     heap_4.o
    0x0800755e   0x0800755e   0x00000002   PAD
    0x08007560   0x08007560   0x00000044   Code   RO         1665    .text.vPortSetupTimerInterrupt  port.o
    0x080075a4   0x080075a4   0x00000084   Code   RO         1679    .text.vPortValidateInterruptPriority  port.o
    0x08007628   0x08007628   0x00000052   Code   RO         1254    .text.vQueueAddToRegistry  queue.o
    0x0800767a   0x0800767a   0x00000002   PAD
    0x0800767c   0x0800767c   0x00000064   Code   RO         1258    .text.vQueueWaitForMessageRestricted  queue.o
    0x080076e0   0x080076e0   0x0000006e   Code   RO         1335    .text.vTaskDelay    tasks.o
    0x0800774e   0x0800774e   0x00000002   PAD
    0x08007750   0x08007750   0x00000024   Code   RO         1379    .text.vTaskInternalSetTimeOutState  tasks.o
    0x08007774   0x08007774   0x0000000e   Code   RO         1383    .text.vTaskMissedYield  tasks.o
    0x08007782   0x08007782   0x00000002   PAD
    0x08007784   0x08007784   0x00000042   Code   RO         1367    .text.vTaskPlaceOnEventList  tasks.o
    0x080077c6   0x080077c6   0x00000002   PAD
    0x080077c8   0x080077c8   0x00000052   Code   RO         1371    .text.vTaskPlaceOnEventListRestricted  tasks.o
    0x0800781a   0x0800781a   0x00000002   PAD
    0x0800781c   0x0800781c   0x000000e0   Code   RO         1349    .text.vTaskStartScheduler  tasks.o
    0x080078fc   0x080078fc   0x00000010   Code   RO         1329    .text.vTaskSuspendAll  tasks.o
    0x0800790c   0x0800790c   0x000000be   Code   RO         1341    .text.vTaskSwitchContext  tasks.o
    0x080079ca   0x080079ca   0x00000002   PAD
    0x080079cc   0x080079cc   0x000000e6   Code   RO         1663    .text.xPortStartScheduler  port.o
    0x08007ab2   0x08007ab2   0x00000002   PAD
    0x08007ab4   0x08007ab4   0x00000026   Code   RO         1198    .text.xQueueCreateMutex  queue.o
    0x08007ada   0x08007ada   0x00000002   PAD
    0x08007adc   0x08007adc   0x00000032   Code   RO         1202    .text.xQueueCreateMutexStatic  queue.o
    0x08007b0e   0x08007b0e   0x00000002   PAD
    0x08007b10   0x08007b10   0x00000074   Code   RO         1196    .text.xQueueGenericCreate  queue.o
    0x08007b84   0x08007b84   0x0000010e   Code   RO         1192    .text.xQueueGenericCreateStatic  queue.o
    0x08007c92   0x08007c92   0x00000002   PAD
    0x08007c94   0x08007c94   0x000000ba   Code   RO         1190    .text.xQueueGenericReset  queue.o
    0x08007d4e   0x08007d4e   0x00000002   PAD
    0x08007d50   0x08007d50   0x0000022c   Code   RO         1206    .text.xQueueGenericSend  queue.o
    0x08007f7c   0x08007f7c   0x0000014c   Code   RO         1222    .text.xQueueGenericSendFromISR  queue.o
    0x080080c8   0x080080c8   0x000001dc   Code   RO         1226    .text.xQueueReceive  queue.o
    0x080082a4   0x080082a4   0x000000cc   Code   RO         1381    .text.xTaskCheckForTimeOut  tasks.o
    0x08008370   0x08008370   0x0000009e   Code   RO         1325    .text.xTaskCreate   tasks.o
    0x0800840e   0x0800840e   0x00000002   PAD
    0x08008410   0x08008410   0x000000ce   Code   RO         1319    .text.xTaskCreateStatic  tasks.o
    0x080084de   0x080084de   0x00000002   PAD
    0x080084e0   0x080084e0   0x00000038   Code   RO         1387    .text.xTaskGetSchedulerState  tasks.o
    0x08008518   0x08008518   0x00000014   Code   RO         1357    .text.xTaskGetTickCount  tasks.o
    0x0800852c   0x0800852c   0x000001b8   Code   RO         1355    .text.xTaskIncrementTick  tasks.o
    0x080086e4   0x080086e4   0x00000118   Code   RO         1391    .text.xTaskPriorityDisinherit  tasks.o
    0x080087fc   0x080087fc   0x000000c2   Code   RO         1373    .text.xTaskRemoveFromEventList  tasks.o
    0x080088be   0x080088be   0x00000002   PAD
    0x080088c0   0x080088c0   0x00000178   Code   RO         1333    .text.xTaskResumeAll  tasks.o
    0x08008a38   0x08008a38   0x00000094   Code   RO         1444    .text.xTimerCreateTimerTask  timers.o
    0x08008acc   0x08008acc   0x000000b0   Code   RO         1456    .text.xTimerGenericCommand  timers.o
    0x08008b7c   0x08008b7c   0x00000026   Code   RO         2010    i.__ARM_fpclassifyf  m_ws.l(fpclassifyf.o)
    0x08008ba2   0x08008ba2   0x00000006   Code   RO         2013    i.__mathlib_flt_infnan  m_ws.l(funder.o)
    0x08008ba8   0x08008ba8   0x00000008   Code   RO         2015    i.__mathlib_flt_invalid  m_ws.l(funder.o)
    0x08008bb0   0x08008bb0   0x0000000a   Code   RO         2018    i.__mathlib_flt_underflow  m_ws.l(funder.o)
    0x08008bba   0x08008bba   0x00000002   PAD
    0x08008bbc   0x08008bbc   0x00000168   Code   RO         2026    i.__mathlib_rredf2  m_ws.l(rredf.o)
    0x08008d24   0x08008d24   0x00000188   Code   RO         1979    i.sinf              m_ws.l(sinf.o)
    0x08008eac   0x08008eac   0x000000c4   Code   RO         1954    x$fpl$fadd          fz_ws.l(faddsub_clz.o)
    0x08008f70   0x08008f70   0x0000000c   Code   RO         2072    x$fpl$fcheck1       fz_ws.l(fcheck1.o)
    0x08008f7c   0x08008f7c   0x00000054   Code   RO         1960    x$fpl$fcmp          fz_ws.l(fcmp.o)
    0x08008fd0   0x08008fd0   0x00000018   Code   RO         2051    x$fpl$fcmpinf       fz_ws.l(fcmpi.o)
    0x08008fe8   0x08008fe8   0x00000184   Code   RO         1963    x$fpl$fdiv          fz_ws.l(fdiv.o)
    0x0800916c   0x0800916c   0x00000068   Code   RO         1997    x$fpl$feqf          fz_ws.l(feqf.o)
    0x080091d4   0x080091d4   0x00000036   Code   RO         1966    x$fpl$ffix          fz_ws.l(ffix.o)
    0x0800920a   0x0800920a   0x00000002   PAD
    0x0800920c   0x0800920c   0x00000030   Code   RO         1971    x$fpl$fflt          fz_ws.l(fflt_clz.o)
    0x0800923c   0x0800923c   0x00000026   Code   RO         1970    x$fpl$ffltu         fz_ws.l(fflt_clz.o)
    0x08009262   0x08009262   0x00000002   PAD
    0x08009264   0x08009264   0x00000068   Code   RO         1999    x$fpl$fgeqf         fz_ws.l(fgeqf.o)
    0x080092cc   0x080092cc   0x00000068   Code   RO         2001    x$fpl$fleqf         fz_ws.l(fleqf.o)
    0x08009334   0x08009334   0x00000102   Code   RO         1976    x$fpl$fmul          fz_ws.l(fmul.o)
    0x08009436   0x08009436   0x0000008c   Code   RO         2003    x$fpl$fnaninf       fz_ws.l(fnaninf.o)
    0x080094c2   0x080094c2   0x0000000a   Code   RO         2005    x$fpl$fretinf       fz_ws.l(fretinf.o)
    0x080094cc   0x080094cc   0x00000060   Code   RO         2007    x$fpl$frnd          fz_ws.l(frnd.o)
    0x0800952c   0x0800952c   0x00000014   Code   RO         1955    x$fpl$frsb          fz_ws.l(faddsub_clz.o)
    0x08009540   0x08009540   0x000000ea   Code   RO         1956    x$fpl$fsub          fz_ws.l(faddsub_clz.o)
    0x0800962a   0x0800962a   0x00000064   Code   RO         2129    x$fpl$retnan        fz_ws.l(retnan.o)
    0x0800968e   0x0800968e   0x0000004c   Code   RO         2053    x$fpl$scalbnf       fz_ws.l(scalbnf.o)
    0x080096da   0x080096da   0x00000030   Code   RO         2150    x$fpl$trapveneer    fz_ws.l(trapv.o)
    0x0800970a   0x0800970a   0x00000000   Code   RO         2009    x$fpl$usenofp       fz_ws.l(usenofp.o)
    0x0800970a   0x0800970a   0x00000002   PAD
    0x0800970c   0x0800970c   0x00000020   Data   RO         2027    .constdata          m_ws.l(rredf.o)
    0x0800972c   0x0800972c   0x0000000c   Data   RO         1804    .rodata..L__const.MOTOR_PID_Gimbal_INIT.PID_P_Pitch  gimbal_task.o
    0x08009738   0x08009738   0x0000000c   Data   RO         1806    .rodata..L__const.MOTOR_PID_Gimbal_INIT.PID_P_Yaw  gimbal_task.o
    0x08009744   0x08009744   0x0000000c   Data   RO         1805    .rodata..L__const.MOTOR_PID_Gimbal_INIT.PID_S_Pitch  gimbal_task.o
    0x08009750   0x08009750   0x0000000c   Data   RO         1807    .rodata..L__const.MOTOR_PID_Gimbal_INIT.PID_S_Yaw  gimbal_task.o
    0x0800975c   0x0800975c   0x0000001c   Data   RO           53    .rodata..L__const.MX_FREERTOS_Init.os_thread_def_defaultTask  freertos.o
    0x08009778   0x08009778   0x0000001c   Data   RO           55    .rodata..L__const.MX_FREERTOS_Init.os_thread_def_gimbalTask  freertos.o
    0x08009794   0x08009794   0x0000001c   Data   RO           57    .rodata..L__const.MX_FREERTOS_Init.os_thread_def_monitorTask  freertos.o
    0x080097b0   0x080097b0   0x00000010   Data   RO         1134    .rodata.AHBPrescTable  system_stm32f1xx.o
    0x080097c0   0x080097c0   0x00000008   Data   RO         1135    .rodata.APBPrescTable  system_stm32f1xx.o
    0x080097c8   0x080097c8   0x00000010   Data   RO          710    .rodata.HAL_RCC_GetSysClockFreq.aPLLMULFactorTable  stm32f1xx_hal_rcc.o
    0x080097d8   0x080097d8   0x00000002   Data   RO          711    .rodata.HAL_RCC_GetSysClockFreq.aPredivFactorTable  stm32f1xx_hal_rcc.o
    0x080097da   0x080097da   0x00000023   Data   RO           52    .rodata.str1.1      freertos.o
    0x080097fd   0x080097fd   0x00000005   Data   RO         1426    .rodata.str1.1      tasks.o
    0x08009802   0x08009802   0x0000000d   Data   RO         1491    .rodata.str1.1      timers.o
    0x0800980f   0x0800980f   0x00000001   PAD
    0x08009810   0x08009810   0x00000020   Data   RO         2211    Region$$Table       anon$$obj.o


    Execution Region RW_IRAM1 (Exec base: 0x20000000, Load base: 0x08009830, Size: 0x000029d0, Max: 0x00005000, ABSOLUTE)

    Exec Addr    Load Addr    Size         Type   Attr      Idx    E Section Name        Object

    0x20000000   0x08009830   0x00000004   Data   RW         1133    .data.SystemCoreClock  system_stm32f1xx.o
    0x20000004   0x08009834   0x00000001   Data   RW          671    .data.uwTickFreq    stm32f1xx_hal.o
    0x20000005   0x08009835   0x00000003   PAD
    0x20000008   0x08009838   0x00000004   Data   RW          670    .data.uwTickPrio    stm32f1xx_hal.o
    0x2000000c   0x0800983c   0x00000004   Data   RW         1683    .data.uxCriticalNesting  port.o
    0x20000010        -       0x00000060   Zero   RW         2056    .bss                c_w.l(libspace.o)
    0x20000070        -       0x00000038   Zero   RW         1696    .bss.ALL_CONTAL     all_init.o
    0x200000a8        -       0x000009c0   Zero   RW         1697    .bss.ALL_MOTOR      all_init.o
    0x20000a68        -       0x00000004   Zero   RW         1841    .bss.CPU_FREQ_Hz    bsp_dwt.o
    0x20000a6c        -       0x00000004   Zero   RW         1842    .bss.CPU_FREQ_Hz_ms  bsp_dwt.o
    0x20000a70        -       0x00000004   Zero   RW         1843    .bss.CPU_FREQ_Hz_us  bsp_dwt.o
    0x20000a74   0x08009840   0x00000004   PAD
    0x20000a78        -       0x00000008   Zero   RW         1848    .bss.CYCCNT64       bsp_dwt.o
    0x20000a80        -       0x00000004   Zero   RW         1850    .bss.CYCCNT_LAST    bsp_dwt.o
    0x20000a84        -       0x00000004   Zero   RW         1844    .bss.CYCCNT_RountCount  bsp_dwt.o
    0x20000a88        -       0x00000010   Zero   RW         1694    .bss.DBUS_V_DATA    all_init.o
    0x20000a98        -       0x00000018   Zero   RW         1693    .bss.DBUS_V_UNION   all_init.o
    0x20000ab0        -       0x00000008   Zero   RW         1845    .bss.DWT_SysTimeUpdate.CNT_TEMP1  bsp_dwt.o
    0x20000ab8        -       0x00000008   Zero   RW         1846    .bss.DWT_SysTimeUpdate.CNT_TEMP2  bsp_dwt.o
    0x20000ac0        -       0x00000008   Zero   RW         1847    .bss.DWT_SysTimeUpdate.CNT_TEMP3  bsp_dwt.o
    0x20000ac8        -       0x00000008   Zero   RW         1849    .bss.SysTime        bsp_dwt.o
    0x20000ad0        -       0x00000034   Zero   RW         1695    .bss.VisionRxData   all_init.o
    0x20000b04        -       0x0000002c   Zero   RW         1911    .bss.data           vofa.o
    0x20000b30        -       0x00000004   Zero   RW           54    .bss.defaultTaskHandle  freertos.o
    0x20000b34        -       0x00000004   Zero   RW         1770    .bss.f_Integral_Limit.temp_Iout  controller.o
    0x20000b38        -       0x00000004   Zero   RW         1769    .bss.f_Integral_Limit.temp_Output  controller.o
    0x20000b3c        -       0x00000004   Zero   RW           56    .bss.gimbalTaskHandle  freertos.o
    0x20000b40        -       0x00000028   Zero   RW           72    .bss.hcan           can.o
    0x20000b68        -       0x00000044   Zero   RW          115    .bss.hdma_usart1_rx  usart.o
    0x20000bac        -       0x00000044   Zero   RW          116    .bss.hdma_usart1_tx  usart.o
    0x20000bf0        -       0x00000044   Zero   RW          118    .bss.hdma_usart2_rx  usart.o
    0x20000c34        -       0x00000044   Zero   RW          117    .bss.hdma_usart2_tx  usart.o
    0x20000c78        -       0x00000044   Zero   RW          119    .bss.hdma_usart3_rx  usart.o
    0x20000cbc        -       0x00000048   Zero   RW          184    .bss.htim1          stm32f1xx_hal_timebase_tim.o
    0x20000d04        -       0x00000048   Zero   RW           94    .bss.htim2          tim.o
    0x20000d4c        -       0x00000048   Zero   RW          112    .bss.huart1         usart.o
    0x20000d94        -       0x00000048   Zero   RW          113    .bss.huart2         usart.o
    0x20000ddc        -       0x00000048   Zero   RW          114    .bss.huart3         usart.o
    0x20000e24        -       0x00000004   Zero   RW           58    .bss.monitorTaskHandle  freertos.o
    0x20000e28        -       0x00000004   Zero   RW           51    .bss.motorOfflineHandle  freertos.o
    0x20000e2c        -       0x00000040   Zero   RW         1699    .bss.pitch_id       all_init.o
    0x20000e6c        -       0x00000078   Zero   RW         1499    .bss.prvCheckForValidListAndQueue.ucStaticTimerQueueStorage  timers.o
    0x20000ee4        -       0x00000048   Zero   RW         1498    .bss.prvCheckForValidListAndQueue.xStaticTimerQueue  timers.o
    0x20000f2c        -       0x00000004   Zero   RW         1495    .bss.prvSampleTimeNow.xLastTime  timers.o
    0x20000f30        -       0x00000004   Zero   RW         1417    .bss.pxCurrentTCB   tasks.o
    0x20000f34        -       0x00000004   Zero   RW         1493    .bss.pxCurrentTimerList  timers.o
    0x20000f38        -       0x00000004   Zero   RW         1431    .bss.pxDelayedTaskList  tasks.o
    0x20000f3c        -       0x00000004   Zero   RW         1642    .bss.pxEnd          heap_4.o
    0x20000f40        -       0x00000004   Zero   RW         1432    .bss.pxOverflowDelayedTaskList  tasks.o
    0x20000f44        -       0x00000004   Zero   RW         1494    .bss.pxOverflowTimerList  timers.o
    0x20000f48        -       0x0000008c   Zero   RW         1420    .bss.pxReadyTasksLists  tasks.o
    0x20000fd4        -       0x00000c00   Zero   RW         1649    .bss.ucHeap         heap_4.o
    0x20001bd4        -       0x00000001   Zero   RW         1681    .bss.ucMaxSysCallPriority  port.o
    0x20001bd5   0x08009840   0x00000003   PAD
    0x20001bd8        -       0x00000004   Zero   RW         1682    .bss.ulMaxPRIGROUPValue  port.o
    0x20001bdc        -       0x00000004   Zero   RW          672    .bss.uwTick         stm32f1xx_hal.o
    0x20001be0        -       0x00000004   Zero   RW         1424    .bss.uxCurrentNumberOfTasks  tasks.o
    0x20001be4        -       0x00000004   Zero   RW         1418    .bss.uxSchedulerSuspended  tasks.o
    0x20001be8        -       0x00000004   Zero   RW         1434    .bss.uxTaskNumber   tasks.o
    0x20001bec        -       0x00000004   Zero   RW         1421    .bss.uxTopReadyPriority  tasks.o
    0x20001bf0        -       0x00000014   Zero   RW         1496    .bss.xActiveTimerList1  timers.o
    0x20001c04        -       0x00000014   Zero   RW         1497    .bss.xActiveTimerList2  timers.o
    0x20001c18        -       0x00000004   Zero   RW         1643    .bss.xBlockAllocatedBit  heap_4.o
    0x20001c1c        -       0x00000014   Zero   RW         1435    .bss.xDelayedTaskList1  tasks.o
    0x20001c30        -       0x00000014   Zero   RW         1436    .bss.xDelayedTaskList2  tasks.o
    0x20001c44        -       0x00000004   Zero   RW         1644    .bss.xFreeBytesRemaining  heap_4.o
    0x20001c48        -       0x00000200   Zero   RW           48    .bss.xIdleStack     freertos.o
    0x20001e48        -       0x00000004   Zero   RW         1427    .bss.xIdleTaskHandle  tasks.o
    0x20001e4c        -       0x00000054   Zero   RW           47    .bss.xIdleTaskTCBBuffer  freertos.o
    0x20001ea0        -       0x00000004   Zero   RW         1646    .bss.xMinimumEverFreeBytesRemaining  heap_4.o
    0x20001ea4        -       0x00000004   Zero   RW         1428    .bss.xNextTaskUnblockTime  tasks.o
    0x20001ea8        -       0x00000004   Zero   RW         1433    .bss.xNumOfOverflows  tasks.o
    0x20001eac        -       0x00000004   Zero   RW         1647    .bss.xNumberOfSuccessfulAllocations  heap_4.o
    0x20001eb0        -       0x00000004   Zero   RW         1648    .bss.xNumberOfSuccessfulFrees  heap_4.o
    0x20001eb4        -       0x00000004   Zero   RW         1430    .bss.xPendedTicks   tasks.o
    0x20001eb8        -       0x00000014   Zero   RW         1425    .bss.xPendingReadyList  tasks.o
    0x20001ecc        -       0x00000040   Zero   RW         1260    .bss.xQueueRegistry  queue.o
    0x20001f0c        -       0x00000004   Zero   RW         1423    .bss.xSchedulerRunning  tasks.o
    0x20001f10        -       0x00000008   Zero   RW         1645    .bss.xStart         heap_4.o
    0x20001f18        -       0x00000014   Zero   RW         1422    .bss.xSuspendedTaskList  tasks.o
    0x20001f2c        -       0x00000004   Zero   RW         1419    .bss.xTickCount     tasks.o
    0x20001f30        -       0x00000004   Zero   RW         1490    .bss.xTimerQueue    timers.o
    0x20001f34        -       0x00000400   Zero   RW           50    .bss.xTimerStack    freertos.o
    0x20002334        -       0x00000004   Zero   RW         1492    .bss.xTimerTaskHandle  timers.o
    0x20002338        -       0x00000054   Zero   RW           49    .bss.xTimerTaskTCBBuffer  freertos.o
    0x2000238c        -       0x00000004   Zero   RW         1429    .bss.xYieldPending  tasks.o
    0x20002390        -       0x00000040   Zero   RW         1698    .bss.yaw_id         all_init.o
    0x200023d0        -       0x00000200   Zero   RW            2    HEAP                startup_stm32f103xb.o
    0x200025d0        -       0x00000400   Zero   RW            1    STACK               startup_stm32f103xb.o


==============================================================================

Image component sizes


      Code (inc. data)   RO Data    RW Data    ZI Data      Debug   Object Name

       350          0          0          0       2772       5048   all_init.o
       170          0          0          0          0       1094   all_task.o
       596          0          0          0         60       3439   bsp_dwt.o
       272          0          0          0         40       4689   can.o
        66          0          0          0          0       3602   can_bsp.o
       306          0          0          0          0      16656   cmsis_os.o
      1604          0          0          0          8       4748   controller.o
       156          0          0          0          0       4765   dji_motor.o
       132          0          0          0          0       2016   dma.o
       304          0        119          0       1720       4291   freertos.o
       582          0         48          0          0       4158   gimbal_task.o
       182          0          0          0          0       1550   gpio.o
      1084          0          0          0       3104       4467   heap_4.o
       518          0          0          0          0       5411   irqn.o
       296          0          0          0          0       2224   list.o
       372          0          0          0          0       5038   lk_motor.o
       212          0          0          0          0       4550   main.o
       426          0          0          0          0       2069   motoridentify.o
       942         12          0          4          5       3618   port.o
      2842          0          0          0         64      16388   queue.o
       550          8          0          0          0       1900   robot.o
       156          0          0          0          0       2221   rui_dbus.o
        64         26        236          0       1536        796   startup_stm32f103xb.o
        76          0          0          5          4       5570   stm32f1xx_hal.o
      3054          0          0          0          0      11282   stm32f1xx_hal_can.o
       384          0          0          0          0       7527   stm32f1xx_hal_cortex.o
      1510          0          0          0          0       6273   stm32f1xx_hal_dma.o
       882          0          0          0          0       4231   stm32f1xx_hal_gpio.o
       114          0          0          0          0       2311   stm32f1xx_hal_msp.o
      2666          0         18          0          0       7421   stm32f1xx_hal_rcc.o
      1808          0          0          0          0      35500   stm32f1xx_hal_tim.o
       236          0          0          0          0      15042   stm32f1xx_hal_tim_ex.o
       218          0          0          0         72       5632   stm32f1xx_hal_timebase_tim.o
      3584          0          0          0          0      19946   stm32f1xx_hal_uart.o
       250          0          0          0          0       1953   stm32f1xx_it.o
         2          0         24          4          0       1580   system_stm32f1xx.o
      3722          0          5          0        276      19400   tasks.o
       204          0          0          0         72       5567   tim.o
      1634         10         13          0        252      10321   timers.o
      1058          0          0          0        556       6305   usart.o
       538          0          0          0          0       4605   vision.o
       266          0          0          0         44       1053   vofa.o

    ----------------------------------------------------------------------
     34608         56        496         16      10592     276257   Object Totals
         0          0         32          0          0          0   (incl. Generated)
       220          0          1          3          7          0   (incl. Padding)

    ----------------------------------------------------------------------

      Code (inc. data)   RO Data    RW Data    ZI Data      Debug   Library Member Name

         8          0          0          0          0         68   __main.o
         0          0          0          0          0          0   __rtentry.o
        12          0          0          0          0          0   __rtentry2.o
         6          0          0          0          0          0   __rtentry4.o
        52          8          0          0          0          0   __scatter.o
        26          0          0          0          0          0   __scatter_copy.o
        28          0          0          0          0          0   __scatter_zi.o
        22          0          0          0          0        100   _rserrno.o
        18          0          0          0          0         80   exit.o
         6          0          0          0          0        152   heapauxi.o
         0          0          0          0          0          0   indicate_semi.o
         2          0          0          0          0          0   libinit.o
         2          0          0          0          0          0   libinit2.o
         2          0          0          0          0          0   libshutdown.o
         2          0          0          0          0          0   libshutdown2.o
         8          4          0          0         96         68   libspace.o
       240          0          0          0          0        100   lludivv7m.o
         8          4          0          0          0         68   rt_errno_addr_intlibspace.o
        78          0          0          0          0         80   rt_memclr_w.o
       138          0          0          0          0         68   rt_memcpy_v6.o
       100          0          0          0          0         80   rt_memcpy_w.o
         2          0          0          0          0          0   rtexit.o
        10          0          0          0          0          0   rtexit2.o
        12          4          0          0          0         68   sys_exit.o
        74          0          0          0          0         80   sys_stackheap_outer.o
         2          0          0          0          0         68   use_no_semi.o
       450          8          0          0          0        236   faddsub_clz.o
        12          4          0          0          0         68   fcheck1.o
        84          0          0          0          0        196   fcmp.o
        24          0          0          0          0         68   fcmpi.o
       388         76          0          0          0         96   fdiv.o
       104          4          0          0          0         84   feqf.o
        54          4          0          0          0         84   ffix.o
        86          0          0          0          0        136   fflt_clz.o
       104          4          0          0          0         84   fgeqf.o
       104          4          0          0          0         84   fleqf.o
       258          4          0          0          0         84   fmul.o
       140          4          0          0          0         84   fnaninf.o
        10          0          0          0          0         68   fretinf.o
        96          4          0          0          0         76   frnd.o
       100          0          0          0          0         68   retnan.o
        76          0          0          0          0         68   scalbnf.o
        48          0          0          0          0         68   trapv.o
         0          0          0          0          0          0   usenofp.o
        38          0          0          0          0         68   fpclassifyf.o
        24          0          0          0          0        204   funder.o
       360         16         32          0          0         88   rredf.o
       392         54          0          0          0        124   sinf.o

    ----------------------------------------------------------------------
      3824        206         32          0         96       3216   Library Totals
        14          0          0          0          0          0   (incl. Padding)

    ----------------------------------------------------------------------

      Code (inc. data)   RO Data    RW Data    ZI Data      Debug   Library Name

       858         20          0          0         96       1080   c_w.l
      2138        116          0          0          0       1652   fz_ws.l
       814         70         32          0          0        484   m_ws.l

    ----------------------------------------------------------------------
      3824        206         32          0         96       3216   Library Totals

    ----------------------------------------------------------------------

==============================================================================


      Code (inc. data)   RO Data    RW Data    ZI Data      Debug   

     38432        262        528         16      10688     276901   Grand Totals
     38432        262        528         16      10688     276901   ELF Image Totals
     38432        262        528         16          0          0   ROM Totals

==============================================================================

    Total RO  Size (Code + RO Data)                38960 (  38.05kB)
    Total RW  Size (RW Data + ZI Data)             10704 (  10.45kB)
    Total ROM Size (Code + RO Data + RW Data)      38976 (  38.06kB)

==============================================================================

